

================================================================
== Synthesis Summary Report of 'fir'
================================================================
+ General Information: 
    * Date:           Sun Sep  6 15:30:00 2026
    * Version:        2026.1 (Build 6493734 on Jun 16 2026)
    * Project:        baseline
    * Solution:       hls (Vitis Kernel Flow Target)
    * Product family: zynquplus
    * Target device:  xck26-sfvc784-2LV-c
    

* Performance & Resource Estimates: 
+--------+------+---------------+----------+---------+------+----------+---------+--------+------+------+---------+-----------+-----------+-----+
| Modules| Issue|               | Iteration|         | Trip |          |      Latency     |      |      |         |           |           |     |
| & Loops| Type | Violation Type|  Latency | Interval| Count| Pipelined| (cycles)|  (ns)  | Slack| BRAM |   DSP   |     FF    |    LUT    | URAM|
+--------+------+---------------+----------+---------+------+----------+---------+--------+------+------+---------+-----------+-----------+-----+
|+ fir   |     -|              -|         -|        1|     -|       yes|        4|  40.000|  0.07|     -|  1 (~0%)|  3946 (1%)|  2616 (2%)|    -|
+--------+------+---------------+----------+---------+------+----------+---------+--------+------+------+---------+-----------+-----------+-----+
    Name Prefix: '+' for module, 'o' for loop, '*' for dataflow


================================================================
== HW Interfaces
================================================================
* S_AXILITE Interfaces
+---------------+------------+---------------+--------+----------+
| Interface     | Data Width | Address Width | Offset | Register |
+---------------+------------+---------------+--------+----------+
| s_axi_control | 32         | 6             | 16     | 0        |
+---------------+------------+---------------+--------+----------+

* S_AXILITE Registers
+---------------+----------+--------+-------+--------+----------------------------------+------------------------------------------------------------------------------------+
| Interface     | Register | Offset | Width | Access | Description                      | Bit Fields                                                                         |
+---------------+----------+--------+-------+--------+----------------------------------+------------------------------------------------------------------------------------+
| s_axi_control | CTRL     | 0x00   | 32    | RW     | Control signals                  | 0=AP_START 1=AP_DONE 2=AP_IDLE 3=AP_READY 4=AP_CONTINUE 7=AUTO_RESTART 9=INTERRUPT |
| s_axi_control | GIER     | 0x04   | 32    | RW     | Global Interrupt Enable Register | 0=Enable                                                                           |
| s_axi_control | IP_IER   | 0x08   | 32    | RW     | IP Interrupt Enable Register     | 0=CHAN0_INT_EN 1=CHAN1_INT_EN                                                      |
| s_axi_control | IP_ISR   | 0x0c   | 32    | RW     | IP Interrupt Status Register     | 0=CHAN0_INT_ST 1=CHAN1_INT_ST                                                      |
| s_axi_control | y        | 0x10   | 32    | R      | Data signal of y                 |                                                                                    |
| s_axi_control | x        | 0x20   | 32    | W      | Data signal of x                 |                                                                                    |
+---------------+----------+--------+-------+--------+----------------------------------+------------------------------------------------------------------------------------+

* TOP LEVEL CONTROL
+-----------+---------------+-----------+
| Interface | Type          | Ports     |
+-----------+---------------+-----------+
| ap_clk    | clock         | ap_clk    |
| ap_rst_n  | reset         | ap_rst_n  |
| interrupt | interrupt     | interrupt |
| ap_ctrl   | ap_ctrl_chain |           |
+-----------+---------------+-----------+


================================================================
== SW I/O Information
================================================================
* Top Function Arguments
+----------+-----------+-------------+
| Argument | Direction | Datatype    |
+----------+-----------+-------------+
| y        | out       | ap_int<18>* |
| x        | in        | ap_int<18>  |
+----------+-----------+-------------+

* SW-to-HW Mapping
+----------+---------------+----------+-----------------------------+
| Argument | HW Interface  | HW Type  | HW Info                     |
+----------+---------------+----------+-----------------------------+
| y        | s_axi_control | register | name=y offset=0x10 range=32 |
| x        | s_axi_control | register | name=x offset=0x20 range=32 |
+----------+---------------+----------+-----------------------------+


================================================================
== Bind Op Report
================================================================
+-------------------------------------------+-----+--------+------------+-----+-----------+---------+
| Name                                      | DSP | Pragma | Variable   | Op  | Impl      | Latency |
+-------------------------------------------+-----+--------+------------+-----+-----------+---------+
| + fir                                     | 1   |        |            |     |           |         |
|   tmp4_fu_1629_p2                         |     |        | tmp4       | add | fabric    | 0       |
|   tmp9_fu_1659_p2                         |     |        | tmp9       | add | fabric    | 0       |
|   tmp20_fu_1725_p2                        |     |        | tmp20      | add | fabric    | 0       |
|   tmp24_fu_1815_p2                        |     |        | tmp24      | add | fabric    | 0       |
|   tmp25_fu_1821_p2                        |     |        | tmp25      | add | fabric    | 0       |
|   tmp31_fu_1839_p2                        |     |        | tmp31      | add | fabric    | 0       |
|   tmp32_fu_1845_p2                        |     |        | tmp32      | add | fabric    | 0       |
|   tmp118_fu_2340_p2                       |     |        | tmp118     | add | fabric    | 0       |
|   tmp131_fu_1851_p2                       |     |        | tmp131     | add | fabric    | 0       |
|   tmp119_fu_1929_p2                       |     |        | tmp119     | add | fabric    | 0       |
|   ama_addmuladd_18s_18s_4ns_18s_18_4_1_U1 | 1   |        | tmp153     | add | dsp_slice | 3       |
|   ama_addmuladd_18s_18s_4ns_18s_18_4_1_U1 | 1   |        | tmp154     | mul | dsp_slice | 3       |
|   tmp161_fu_1971_p2                       |     |        | tmp161     | sub | fabric    | 0       |
|   tmp172_fu_2351_p2                       |     |        | tmp172     | sub | fabric    | 0       |
|   tmp179_fu_2037_p2                       |     |        | tmp179     | sub | fabric    | 0       |
|   ama_addmuladd_18s_18s_4ns_18s_18_4_1_U1 | 1   |        | add_ln43_1 | add | dsp_slice | 3       |
+-------------------------------------------+-----+--------+------------+-----+-----------+---------+


================================================================
== Storage Report
================================================================
+-------------------+-----------+-----------+------+------+--------+--------+----------+------+---------+------------------+
| Name              | Usage     | Type      | BRAM | URAM | CE_REG | Pragma | Variable | Impl | Latency | Bitwidth, Depth, |
|                   |           |           |      |      |        |        |          |      |         | Banks            |
+-------------------+-----------+-----------+------+------+--------+--------+----------+------+---------+------------------+
| + fir             |           |           | 0    | 0    |        |        |          |      |         |                  |
|   control_s_axi_U | interface | s_axilite |      |      |        |        |          |      |         |                  |
+-------------------+-----------+-----------+------+------+--------+--------+----------+------+---------+------------------+


================================================================
== Pragma Report
================================================================
* Valid Pragma Syntax
+-----------+--------------------------------+---------------------------+
| Type      | Options                        | Location                  |
+-----------+--------------------------------+---------------------------+
| INTERFACE | mode=s_axilite port=y          | in fir (../../fir.cpp:26) |
| INTERFACE | mode=s_axilite port=x          | in fir (../../fir.cpp:27) |
| INTERFACE | mode=s_axilite port=return     | in fir (../../fir.cpp:28) |
| INTERFACE | mode=ap_ctrl_chain port=return | in fir (../../fir.cpp:29) |
| PIPELINE  |                                | in fir (../../fir.cpp:37) |
+-----------+--------------------------------+---------------------------+


