

================================================================
== Synthesis Summary Report of 'fir'
================================================================
+ General Information: 
    * Date:           Sun Sep  6 11:59:18 2026
    * Version:        2026.1 (Build 6493734 on Jun 16 2026)
    * Project:        baseline
    * Solution:       hls (Vitis Kernel Flow Target)
    * Product family: zynquplus
    * Target device:  xck26-sfvc784-2LV-c
    

* Performance & Resource Estimates: 
+---------------------------------+------+---------------+----------+---------+------+----------+---------+-----------+------+---------+---------+-----------+-----------+-----+
|             Modules             | Issue|               | Iteration|         | Trip |          |       Latency       |      |         |         |           |           |     |
|             & Loops             | Type | Violation Type|  Latency | Interval| Count| Pipelined| (cycles)|    (ns)   | Slack|  BRAM   |   DSP   |     FF    |    LUT    | URAM|
+---------------------------------+------+---------------+----------+---------+------+----------+---------+-----------+------+---------+---------+-----------+-----------+-----+
|+ fir                            |     -|              -|         -|      520|     -|        no|      519|  5.190e+03|  1.20|  2 (~0%)|  2 (~0%)|  218 (~0%)|  496 (~0%)|    -|
| + fir_Pipeline_VITIS_LOOP_35_1  |     -|              -|         -|      256|     -|       yes|      256|  2.560e+03|  4.83|        -|        -|   18 (~0%)|   83 (~0%)|    -|
|  o VITIS_LOOP_35_1              |     -|              -|         2|        2|   127|       yes|      254|  2.540e+03|  7.30|        -|        -|          -|          -|    -|
| + fir_Pipeline_VITIS_LOOP_41_2  |     -|              -|         -|      258|     -|       yes|      258|  2.580e+03|  1.20|  1 (~0%)|  2 (~0%)|   44 (~0%)|  140 (~0%)|    -|
|  o VITIS_LOOP_41_2              |     -|              -|         2|        2|   128|       yes|      256|  2.560e+03|  7.30|        -|        -|          -|          -|    -|
+---------------------------------+------+---------------+----------+---------+------+----------+---------+-----------+------+---------+---------+-----------+-----------+-----+
    Name Prefix: '+' for module, 'o' for loop, '*' for dataflow


================================================================
== HW Interfaces
================================================================
* S_AXILITE Interfaces
+---------------+------------+---------------+--------+----------+
| Interface     | Data Width | Address Width | Offset | Register |
+---------------+------------+---------------+--------+----------+
| s_axi_control | 32         | 6             | 16     | 0        |
+---------------+------------+---------------+--------+----------+

* S_AXILITE Registers
+---------------+----------+--------+-------+--------+----------------------------------+------------------------------------------------------------------------------------+
| Interface     | Register | Offset | Width | Access | Description                      | Bit Fields                                                                         |
+---------------+----------+--------+-------+--------+----------------------------------+------------------------------------------------------------------------------------+
| s_axi_control | CTRL     | 0x00   | 32    | RW     | Control signals                  | 0=AP_START 1=AP_DONE 2=AP_IDLE 3=AP_READY 4=AP_CONTINUE 7=AUTO_RESTART 9=INTERRUPT |
| s_axi_control | GIER     | 0x04   | 32    | RW     | Global Interrupt Enable Register | 0=Enable                                                                           |
| s_axi_control | IP_IER   | 0x08   | 32    | RW     | IP Interrupt Enable Register     | 0=CHAN0_INT_EN 1=CHAN1_INT_EN                                                      |
| s_axi_control | IP_ISR   | 0x0c   | 32    | RW     | IP Interrupt Status Register     | 0=CHAN0_INT_ST 1=CHAN1_INT_ST                                                      |
| s_axi_control | y        | 0x10   | 32    | R      | Data signal of y                 |                                                                                    |
| s_axi_control | x        | 0x20   | 32    | W      | Data signal of x                 |                                                                                    |
+---------------+----------+--------+-------+--------+----------------------------------+------------------------------------------------------------------------------------+

* TOP LEVEL CONTROL
+-----------+---------------+-----------+
| Interface | Type          | Ports     |
+-----------+---------------+-----------+
| ap_clk    | clock         | ap_clk    |
| ap_rst_n  | reset         | ap_rst_n  |
| interrupt | interrupt     | interrupt |
| ap_ctrl   | ap_ctrl_chain |           |
+-----------+---------------+-----------+


================================================================
== SW I/O Information
================================================================
* Top Function Arguments
+----------+-----------+----------+
| Argument | Direction | Datatype |
+----------+-----------+----------+
| y        | out       | int*     |
| x        | in        | int      |
+----------+-----------+----------+

* SW-to-HW Mapping
+----------+---------------+----------+-----------------------------+
| Argument | HW Interface  | HW Type  | HW Info                     |
+----------+---------------+----------+-----------------------------+
| y        | s_axi_control | register | name=y offset=0x10 range=32 |
| x        | s_axi_control | register | name=x offset=0x20 range=32 |
+----------+---------------+----------+-----------------------------+


================================================================
== Bind Op Report
================================================================
+---------------------------------+-----+--------+-----------+-------+--------+---------+
| Name                            | DSP | Pragma | Variable  | Op    | Impl   | Latency |
+---------------------------------+-----+--------+-----------+-------+--------+---------+
| + fir                           | 2   |        |           |       |        |         |
|  + fir_Pipeline_VITIS_LOOP_35_1 | 0   |        |           |       |        |         |
|    icmp_ln35_fu_62_p2           |     |        | icmp_ln35 | seteq | auto   | 0       |
|    add_ln37_fu_68_p2            |     |        | add_ln37  | add   | fabric | 0       |
|  + fir_Pipeline_VITIS_LOOP_41_2 | 2   |        |           |       |        |         |
|    icmp_ln41_fu_96_p2           |     |        | icmp_ln41 | seteq | auto   | 0       |
|    add_ln41_fu_102_p2           |     |        | add_ln41  | add   | fabric | 0       |
|    mul_6s_32s_32_1_1_U2         | 2   |        | mul_ln43  | mul   | auto   | 0       |
|    ans_1_fu_122_p2              |     |        | ans_1     | add   | fabric | 0       |
+---------------------------------+-----+--------+-----------+-------+--------+---------+


================================================================
== Storage Report
================================================================
+---------------------------------+-----------+-----------+------+------+--------+--------+--------------------+------+---------+------------------+
| Name                            | Usage     | Type      | BRAM | URAM | CE_REG | Pragma | Variable           | Impl | Latency | Bitwidth, Depth, |
|                                 |           |           |      |      |        |        |                    |      |         | Banks            |
+---------------------------------+-----------+-----------+------+------+--------+--------+--------------------+------+---------+------------------+
| + fir                           |           |           | 2    | 0    |        |        |                    |      |         |                  |
|   control_s_axi_U               | interface | s_axilite |      |      |        |        |                    |      |         |                  |
|   shift_reg_U                   | ram_1p    |           | 1    |      | N      |        | shift_reg          | auto | 1       | 32, 128, 1       |
|  + fir_Pipeline_VITIS_LOOP_41_2 |           |           | 1    | 0    |        |        |                    |      |         |                  |
|    p_const_Z3firPii_h_U         | rom_1p    |           | 1    |      | N      |        | p_const_Z3firPii_h | auto | 1       | 32, 128, 1       |
+---------------------------------+-----------+-----------+------+------+--------+--------+--------------------+------+---------+------------------+


================================================================
== Pragma Report
================================================================
* Valid Pragma Syntax
+-----------+--------------------------------+---------------------------+
| Type      | Options                        | Location                  |
+-----------+--------------------------------+---------------------------+
| INTERFACE | mode=s_axilite port=y          | in fir (../../fir.cpp:26) |
| INTERFACE | mode=s_axilite port=x          | in fir (../../fir.cpp:27) |
| INTERFACE | mode=s_axilite port=return     | in fir (../../fir.cpp:28) |
| INTERFACE | mode=ap_ctrl_chain port=return | in fir (../../fir.cpp:29) |
| PIPELINE  | ii=4                           | in fir (../../fir.cpp:36) |
| PIPELINE  | ii=4                           | in fir (../../fir.cpp:42) |
+-----------+--------------------------------+---------------------------+


