

================================================================
== Synthesis Summary Report of 'fir'
================================================================
+ General Information: 
    * Date:           Sun Sep  6 14:28:58 2026
    * Version:        2026.1 (Build 6493734 on Jun 16 2026)
    * Project:        baseline
    * Solution:       hls (Vitis Kernel Flow Target)
    * Product family: zynquplus
    * Target device:  xck26-sfvc784-2LV-c
    

* Performance & Resource Estimates: 
+---------------------------------+------+---------------+----------+---------+------+----------+---------+-----------+------+---------+---------+-----------+-----------+-----+
|             Modules             | Issue|               | Iteration|         | Trip |          |       Latency       |      |         |         |           |           |     |
|             & Loops             | Type | Violation Type|  Latency | Interval| Count| Pipelined| (cycles)|    (ns)   | Slack|  BRAM   |   DSP   |     FF    |    LUT    | URAM|
+---------------------------------+------+---------------+----------+---------+------+----------+---------+-----------+------+---------+---------+-----------+-----------+-----+
|+ fir                            |     -|              -|         -|      206|     -|        no|      205|  2.050e+03|  0.37|   9 (3%)|  4 (~0%)|  929 (~0%)|  1917 (1%)|    -|
| + fir_Pipeline_VITIS_LOOP_58_1  |     -|              -|         -|      133|     -|       yes|      133|  1.330e+03|  4.97|        -|        -|  653 (~0%)|  842 (~0%)|    -|
|  o VITIS_LOOP_58_1              |     -|              -|         4|        4|    32|       yes|      131|  1.310e+03|  7.30|        -|        -|          -|          -|    -|
| + fir_Pipeline_VITIS_LOOP_69_2  |     -|              -|         -|       67|     -|       yes|       67|    670.000|  0.37|  1 (~0%)|  4 (~0%)|  120 (~0%)|  543 (~0%)|    -|
|  o VITIS_LOOP_69_2              |     -|              -|         4|        2|    32|       yes|       65|    650.000|  7.30|        -|        -|          -|          -|    -|
+---------------------------------+------+---------------+----------+---------+------+----------+---------+-----------+------+---------+---------+-----------+-----------+-----+
    Name Prefix: '+' for module, 'o' for loop, '*' for dataflow


================================================================
== HW Interfaces
================================================================
* S_AXILITE Interfaces
+---------------+------------+---------------+--------+----------+
| Interface     | Data Width | Address Width | Offset | Register |
+---------------+------------+---------------+--------+----------+
| s_axi_control | 32         | 6             | 16     | 0        |
+---------------+------------+---------------+--------+----------+

* S_AXILITE Registers
+---------------+----------+--------+-------+--------+----------------------------------+------------------------------------------------------------------------------------+
| Interface     | Register | Offset | Width | Access | Description                      | Bit Fields                                                                         |
+---------------+----------+--------+-------+--------+----------------------------------+------------------------------------------------------------------------------------+
| s_axi_control | CTRL     | 0x00   | 32    | RW     | Control signals                  | 0=AP_START 1=AP_DONE 2=AP_IDLE 3=AP_READY 4=AP_CONTINUE 7=AUTO_RESTART 9=INTERRUPT |
| s_axi_control | GIER     | 0x04   | 32    | RW     | Global Interrupt Enable Register | 0=Enable                                                                           |
| s_axi_control | IP_IER   | 0x08   | 32    | RW     | IP Interrupt Enable Register     | 0=CHAN0_INT_EN 1=CHAN1_INT_EN                                                      |
| s_axi_control | IP_ISR   | 0x0c   | 32    | RW     | IP Interrupt Status Register     | 0=CHAN0_INT_ST 1=CHAN1_INT_ST                                                      |
| s_axi_control | y        | 0x10   | 32    | R      | Data signal of y                 |                                                                                    |
| s_axi_control | x        | 0x20   | 32    | W      | Data signal of x                 |                                                                                    |
+---------------+----------+--------+-------+--------+----------------------------------+------------------------------------------------------------------------------------+

* TOP LEVEL CONTROL
+-----------+---------------+-----------+
| Interface | Type          | Ports     |
+-----------+---------------+-----------+
| ap_clk    | clock         | ap_clk    |
| ap_rst_n  | reset         | ap_rst_n  |
| interrupt | interrupt     | interrupt |
| ap_ctrl   | ap_ctrl_chain |           |
+-----------+---------------+-----------+


================================================================
== SW I/O Information
================================================================
* Top Function Arguments
+----------+-----------+----------+
| Argument | Direction | Datatype |
+----------+-----------+----------+
| y        | out       | int*     |
| x        | in        | int      |
+----------+-----------+----------+

* SW-to-HW Mapping
+----------+---------------+----------+-----------------------------+
| Argument | HW Interface  | HW Type  | HW Info                     |
+----------+---------------+----------+-----------------------------+
| y        | s_axi_control | register | name=y offset=0x10 range=32 |
| x        | s_axi_control | register | name=x offset=0x20 range=32 |
+----------+---------------+----------+-----------------------------+


================================================================
== Bind Op Report
================================================================
+---------------------------------+-----+--------+------------+-----------+--------------------------+---------+
| Name                            | DSP | Pragma | Variable   | Op        | Impl                     | Latency |
+---------------------------------+-----+--------+------------+-----------+--------------------------+---------+
| + fir                           | 4   |        |            |           |                          |         |
|  + fir_Pipeline_VITIS_LOOP_58_1 | 0   |        |            |           |                          |         |
|    add_ln62_fu_298_p2           |     |        | add_ln62   | add       | fabric                   | 0       |
|    sparsemux_9_2_32_1_1_U1      |     |        | tmp        | sparsemux | compactencoding_dontcare | 0       |
|    add_ln62_1_fu_336_p2         |     |        | add_ln62_1 | add       | fabric                   | 0       |
|    add_ln62_2_fu_397_p2         |     |        | add_ln62_2 | add       | fabric                   | 0       |
|    sparsemux_9_2_32_1_1_U2      |     |        | tmp_1      | sparsemux | compactencoding_dontcare | 0       |
|    sparsemux_9_2_32_1_1_U3      |     |        | tmp_2      | sparsemux | compactencoding_dontcare | 0       |
|    icmp_ln58_fu_457_p2          |     |        | icmp_ln58  | setgt     | auto                     | 0       |
|    add_ln62_3_fu_463_p2         |     |        | add_ln62_3 | add       | fabric                   | 0       |
|    sparsemux_9_2_32_1_1_U4      |     |        | tmp_3      | sparsemux | compactencoding_dontcare | 0       |
|  + fir_Pipeline_VITIS_LOOP_69_2 | 4   |        |            |           |                          |         |
|    sparsemux_9_2_32_1_1_U12     |     |        | tmp_4      | sparsemux | compactencoding_dontcare | 0       |
|    sparsemux_9_2_32_1_1_U13     |     |        | tmp_5      | sparsemux | compactencoding_dontcare | 0       |
|    sparsemux_9_2_32_1_1_U14     |     |        | tmp_6      | sparsemux | compactencoding_dontcare | 0       |
|    sparsemux_9_2_32_1_1_U15     |     |        | tmp_7      | sparsemux | compactencoding_dontcare | 0       |
|    mul_6s_32s_32_1_1_U10        | 2   |        | mul_ln72   | mul       | auto                     | 0       |
|    mul_6s_32s_32_1_1_U10        | 2   |        | mul_ln72_1 | mul       | auto                     | 0       |
|    mul_6s_32s_32_1_1_U11        | 2   |        | mul_ln72_2 | mul       | auto                     | 0       |
|    mul_6s_32s_32_1_1_U11        | 2   |        | mul_ln72_3 | mul       | auto                     | 0       |
|    add_ln72_fu_536_p2           |     |        | add_ln72   | add       | fabric                   | 0       |
|    add_ln72_1_fu_603_p2         |     |        | add_ln72_1 | add       | fabric                   | 0       |
|    add_ln69_fu_542_p2           |     |        | add_ln69   | add       | fabric                   | 0       |
+---------------------------------+-----+--------+------------+-----------+--------------------------+---------+


================================================================
== Storage Report
================================================================
+---------------------------------+-----------+-----------+------+------+--------+--------+-------------------------+------+---------+------------------+
| Name                            | Usage     | Type      | BRAM | URAM | CE_REG | Pragma | Variable                | Impl | Latency | Bitwidth, Depth, |
|                                 |           |           |      |      |        |        |                         |      |         | Banks            |
+---------------------------------+-----------+-----------+------+------+--------+--------+-------------------------+------+---------+------------------+
| + fir                           |           |           | 9    | 0    |        |        |                         |      |         |                  |
|   control_s_axi_U               | interface | s_axilite |      |      |        |        |                         |      |         |                  |
|   fir_int_int_shift_reg_U       | ram_t2p   |           | 2    |      | N      |        | fir_int_int_shift_reg   | auto | 1       | 32, 32, 1        |
|   fir_int_int_shift_reg_1_U     | ram_t2p   |           | 2    |      | N      |        | fir_int_int_shift_reg_1 | auto | 1       | 32, 32, 1        |
|   fir_int_int_shift_reg_2_U     | ram_t2p   |           | 2    |      | N      |        | fir_int_int_shift_reg_2 | auto | 1       | 32, 32, 1        |
|   fir_int_int_shift_reg_3_U     | ram_t2p   |           | 2    |      | N      |        | fir_int_int_shift_reg_3 | auto | 1       | 32, 32, 1        |
|  + fir_Pipeline_VITIS_LOOP_69_2 |           |           | 1    | 0    |        |        |                         |      |         |                  |
|    p_const_Z3firPii_h_U         | rom_2p    |           | 1    |      | N      |        | p_const_Z3firPii_h      | auto | 1       | 32, 128, 1       |
+---------------------------------+-----------+-----------+------+------+--------+--------+-------------------------+------+---------+------------------+


================================================================
== Pragma Report
================================================================
* Ignored Pragmas
+-----------------+------------------------------------+---------------------------+-----------------+
| Type            | Options                            | Location                  | Messages        |
+-----------------+------------------------------------+---------------------------+-----------------+
| ARRAY_PARTITION | variable=shift_reg block factor =4 | in fir (../../fir.cpp:34) | Not implemented |
| UNROLL          | factor=4                           | in fir (../../fir.cpp:59) | Not implemented |
| UNROLL          | factor=4                           | in fir (../../fir.cpp:70) | Not implemented |
+-----------------+------------------------------------+---------------------------+-----------------+

* Inferred Pragmas
+----------+---------+----------------------------------------------------------+-------------------------------+
| Type     | Options | Location                                                 | Inferred From                 |
+----------+---------+----------------------------------------------------------+-------------------------------+
| PIPELINE |         | loop VITIS_LOOP_58_1 (fir.cpp:58:22) in fir (fir.cpp:58) | syn.compile.pipeline_loops=64 |
| PIPELINE |         | loop VITIS_LOOP_69_2 (fir.cpp:69:22) in fir (fir.cpp:69) | syn.compile.pipeline_loops=64 |
+----------+---------+----------------------------------------------------------+-------------------------------+

* Implemented Pragmas
+-----------------+--------------------------------------------------------------+---------------------+
| Type            | Options                                                      | Location            |
+-----------------+--------------------------------------------------------------+---------------------+
| ARRAY_PARTITION | dim=1 type=block factor=4 variable=fir(int*, int)::shift_reg | in fir (fir.cpp:34) |
| UNROLL          | factor=4                                                     | in fir (fir.cpp:59) |
| UNROLL          | factor=4                                                     | in fir (fir.cpp:70) |
+-----------------+--------------------------------------------------------------+---------------------+

* Valid Pragma Syntax
+-----------+--------------------------------+---------------------------+
| Type      | Options                        | Location                  |
+-----------+--------------------------------+---------------------------+
| INTERFACE | mode=s_axilite port=y          | in fir (../../fir.cpp:26) |
| INTERFACE | mode=s_axilite port=x          | in fir (../../fir.cpp:27) |
| INTERFACE | mode=s_axilite port=return     | in fir (../../fir.cpp:28) |
| INTERFACE | mode=ap_ctrl_chain port=return | in fir (../../fir.cpp:29) |
+-----------+--------------------------------+---------------------------+


