

================================================================
== Synthesis Summary Report of 'fir'
================================================================
+ General Information: 
    * Date:           Sun Sep  6 14:21:37 2026
    * Version:        2026.1 (Build 6493734 on Jun 16 2026)
    * Project:        baseline
    * Solution:       hls (Vitis Kernel Flow Target)
    * Product family: zynquplus
    * Target device:  xck26-sfvc784-2LV-c
    

* Performance & Resource Estimates: 
+---------------------------------+------+---------------+----------+---------+------+----------+---------+-----------+------+---------+---------+------------+-----------+-----+
|             Modules             | Issue|               | Iteration|         | Trip |          |       Latency       |      |         |         |            |           |     |
|             & Loops             | Type | Violation Type|  Latency | Interval| Count| Pipelined| (cycles)|    (ns)   | Slack|  BRAM   |   DSP   |     FF     |    LUT    | URAM|
+---------------------------------+------+---------------+----------+---------+------+----------+---------+-----------+------+---------+---------+------------+-----------+-----+
|+ fir                            |     -|              -|         -|      153|     -|        no|      152|  1.520e+03|  0.46|  2 (~0%)|  88 (7%)|  10276 (4%)|  9291 (7%)|    -|
| + fir_Pipeline_VITIS_LOOP_56_1  |     -|              -|         -|      102|     -|       yes|      102|  1.020e+03|  0.92|        -|  80 (6%)|   9406 (4%)|  7872 (6%)|    -|
|  o VITIS_LOOP_56_1              |     -|              -|        69|        1|    32|       yes|      100|  1.000e+03|  7.30|        -|        -|           -|          -|    -|
| + fir_Pipeline_VITIS_LOOP_67_2  |     -|              -|         -|       45|     -|       yes|       45|    450.000|  0.46|  2 (~0%)|  8 (~0%)|   394 (~0%)|  888 (~0%)|    -|
|  o VITIS_LOOP_67_2              |     -|              -|        13|        1|    32|       yes|       43|    430.000|  7.30|        -|        -|           -|          -|    -|
+---------------------------------+------+---------------+----------+---------+------+----------+---------+-----------+------+---------+---------+------------+-----------+-----+
    Name Prefix: '+' for module, 'o' for loop, '*' for dataflow


================================================================
== HW Interfaces
================================================================
* S_AXILITE Interfaces
+---------------+------------+---------------+--------+----------+
| Interface     | Data Width | Address Width | Offset | Register |
+---------------+------------+---------------+--------+----------+
| s_axi_control | 32         | 6             | 16     | 0        |
+---------------+------------+---------------+--------+----------+

* S_AXILITE Registers
+---------------+----------+--------+-------+--------+----------------------------------+------------------------------------------------------------------------------------+
| Interface     | Register | Offset | Width | Access | Description                      | Bit Fields                                                                         |
+---------------+----------+--------+-------+--------+----------------------------------+------------------------------------------------------------------------------------+
| s_axi_control | CTRL     | 0x00   | 32    | RW     | Control signals                  | 0=AP_START 1=AP_DONE 2=AP_IDLE 3=AP_READY 4=AP_CONTINUE 7=AUTO_RESTART 9=INTERRUPT |
| s_axi_control | GIER     | 0x04   | 32    | RW     | Global Interrupt Enable Register | 0=Enable                                                                           |
| s_axi_control | IP_IER   | 0x08   | 32    | RW     | IP Interrupt Enable Register     | 0=CHAN0_INT_EN 1=CHAN1_INT_EN                                                      |
| s_axi_control | IP_ISR   | 0x0c   | 32    | RW     | IP Interrupt Status Register     | 0=CHAN0_INT_ST 1=CHAN1_INT_ST                                                      |
| s_axi_control | y        | 0x10   | 32    | R      | Data signal of y                 |                                                                                    |
| s_axi_control | x        | 0x20   | 32    | W      | Data signal of x                 |                                                                                    |
+---------------+----------+--------+-------+--------+----------------------------------+------------------------------------------------------------------------------------+

* TOP LEVEL CONTROL
+-----------+---------------+-----------+
| Interface | Type          | Ports     |
+-----------+---------------+-----------+
| ap_clk    | clock         | ap_clk    |
| ap_rst_n  | reset         | ap_rst_n  |
| interrupt | interrupt     | interrupt |
| ap_ctrl   | ap_ctrl_chain |           |
+-----------+---------------+-----------+


================================================================
== SW I/O Information
================================================================
* Top Function Arguments
+----------+-----------+----------+
| Argument | Direction | Datatype |
+----------+-----------+----------+
| y        | out       | int*     |
| x        | in        | int      |
+----------+-----------+----------+

* SW-to-HW Mapping
+----------+---------------+----------+-----------------------------+
| Argument | HW Interface  | HW Type  | HW Info                     |
+----------+---------------+----------+-----------------------------+
| y        | s_axi_control | register | name=y offset=0x10 range=32 |
| x        | s_axi_control | register | name=x offset=0x20 range=32 |
+----------+---------------+----------+-----------------------------+


================================================================
== Bind Op Report
================================================================
+---------------------------------+-----+--------+------------+-----------+--------------------------+---------+
| Name                            | DSP | Pragma | Variable   | Op        | Impl                     | Latency |
+---------------------------------+-----+--------+------------+-----------+--------------------------+---------+
| + fir                           | 88  |        |            |           |                          |         |
|  + fir_Pipeline_VITIS_LOOP_56_1 | 80  |        |            |           |                          |         |
|    mul_64ns_66ns_129_1_1_U1     | 16  |        | mul_ln56   | mul       | auto                     | 0       |
|    urem_64ns_4ns_3_68_1_U6      |     |        | urem_ln56  | urem      | auto                     | 67      |
|    add_ln60_fu_397_p2           |     |        | add_ln60   | add       | fabric                   | 0       |
|    mul_64ns_66ns_129_1_1_U2     | 16  |        | mul_ln60   | mul       | auto                     | 0       |
|    sparsemux_11_3_32_1_1_U7     |     |        | tmp        | sparsemux | compactencoding_dontcare | 0       |
|    add_ln60_1_fu_426_p2         |     |        | add_ln60_1 | add       | fabric                   | 0       |
|    mul_64ns_66ns_129_1_1_U3     | 16  |        | mul_ln60_1 | mul       | auto                     | 0       |
|    add_ln60_2_fu_347_p2         |     |        | add_ln60_2 | add       | fabric                   | 0       |
|    mul_64ns_66ns_129_1_1_U4     | 16  |        | mul_ln60_2 | mul       | auto                     | 0       |
|    sparsemux_11_3_32_1_1_U8     |     |        | tmp_1      | sparsemux | compactencoding_dontcare | 0       |
|    sparsemux_11_3_32_1_1_U9     |     |        | tmp_2      | sparsemux | compactencoding_dontcare | 0       |
|    icmp_ln56_fu_353_p2          |     |        | icmp_ln56  | setgt     | auto                     | 0       |
|    add_ln60_3_fu_359_p2         |     |        | add_ln60_3 | add       | fabric                   | 0       |
|    mul_64ns_66ns_129_1_1_U5     | 16  |        | mul_ln60_3 | mul       | auto                     | 0       |
|    sparsemux_11_3_32_1_1_U10    |     |        | tmp_3      | sparsemux | compactencoding_dontcare | 0       |
|  + fir_Pipeline_VITIS_LOOP_67_2 | 8   |        |            |           |                          |         |
|    mul_7ns_9ns_15_1_1_U27       |     |        | mul_ln34   | mul       | auto                     | 0       |
|    urem_8ns_4ns_3_12_1_U26      |     |        | urem_ln34  | urem      | auto                     | 11      |
|    sparsemux_11_3_32_1_1_x_U31  |     |        | tmp_4      | sparsemux | compactencoding_dontcare | 0       |
|    mul_7ns_9ns_15_1_1_U28       |     |        | mul_ln70_4 | mul       | auto                     | 0       |
|    sparsemux_11_3_32_1_1_U32    |     |        | tmp_5      | sparsemux | compactencoding_dontcare | 0       |
|    mul_7ns_9ns_15_1_1_U29       |     |        | mul_ln70_5 | mul       | auto                     | 0       |
|    sparsemux_11_3_32_1_1_U33    |     |        | tmp_6      | sparsemux | compactencoding_dontcare | 0       |
|    mul_7ns_9ns_15_1_1_U30       |     |        | mul_ln70_6 | mul       | auto                     | 0       |
|    sparsemux_11_3_32_1_1_U34    |     |        | tmp_7      | sparsemux | compactencoding_dontcare | 0       |
|    mul_6s_32s_32_1_1_U22        | 2   |        | mul_ln70   | mul       | auto                     | 0       |
|    mul_6s_32s_32_1_1_U23        | 2   |        | mul_ln70_1 | mul       | auto                     | 0       |
|    mul_6s_32s_32_1_1_U24        | 2   |        | mul_ln70_2 | mul       | auto                     | 0       |
|    mul_6s_32s_32_1_1_U25        | 2   |        | mul_ln70_3 | mul       | auto                     | 0       |
|    add_ln70_fu_698_p2           |     |        | add_ln70   | add       | fabric                   | 0       |
|    add_ln70_1_fu_704_p2         |     |        | add_ln70_1 | add       | fabric                   | 0       |
|    add_ln67_fu_387_p2           |     |        | add_ln67   | add       | fabric                   | 0       |
+---------------------------------+-----+--------+------------+-----------+--------------------------+---------+


================================================================
== Storage Report
================================================================
+---------------------------------+-----------+-----------+------+------+--------+--------+-------------------------+------+---------+------------------+
| Name                            | Usage     | Type      | BRAM | URAM | CE_REG | Pragma | Variable                | Impl | Latency | Bitwidth, Depth, |
|                                 |           |           |      |      |        |        |                         |      |         | Banks            |
+---------------------------------+-----------+-----------+------+------+--------+--------+-------------------------+------+---------+------------------+
| + fir                           |           |           | 2    | 0    |        |        |                         |      |         |                  |
|   control_s_axi_U               | interface | s_axilite |      |      |        |        |                         |      |         |                  |
|   fir_int_int_shift_reg_U       | ram_2p    |           |      |      | N      |        | fir_int_int_shift_reg   | auto | 1       | 32, 26, 1        |
|   fir_int_int_shift_reg_1_U     | ram_2p    |           |      |      | N      |        | fir_int_int_shift_reg_1 | auto | 1       | 32, 26, 1        |
|   fir_int_int_shift_reg_2_U     | ram_2p    |           |      |      | N      |        | fir_int_int_shift_reg_2 | auto | 1       | 32, 26, 1        |
|   fir_int_int_shift_reg_3_U     | ram_2p    |           |      |      | N      |        | fir_int_int_shift_reg_3 | auto | 1       | 32, 26, 1        |
|   fir_int_int_shift_reg_4_U     | ram_2p    |           |      |      | N      |        | fir_int_int_shift_reg_4 | auto | 1       | 32, 26, 1        |
|  + fir_Pipeline_VITIS_LOOP_67_2 |           |           | 2    | 0    |        |        |                         |      |         |                  |
|    p_const_Z3firPii_h_0_U       | rom_2p    |           | 1    |      | N      |        | p_const_Z3firPii_h_0    | auto | 1       | 32, 64, 1        |
|    p_const_Z3firPii_h_1_U       | rom_2p    |           | 1    |      | N      |        | p_const_Z3firPii_h_1    | auto | 1       | 32, 64, 1        |
+---------------------------------+-----------+-----------+------+------+--------+--------+-------------------------+------+---------+------------------+


================================================================
== Pragma Report
================================================================
* Ignored Pragmas
+--------+----------+---------------------------+-----------------+
| Type   | Options  | Location                  | Messages        |
+--------+----------+---------------------------+-----------------+
| UNROLL | factor=4 | in fir (../../fir.cpp:57) | Not implemented |
| UNROLL | factor=4 | in fir (../../fir.cpp:68) | Not implemented |
+--------+----------+---------------------------+-----------------+

* Inferred Pragmas
+----------+---------+----------------------------------------------------------+-------------------------------+
| Type     | Options | Location                                                 | Inferred From                 |
+----------+---------+----------------------------------------------------------+-------------------------------+
| PIPELINE |         | loop VITIS_LOOP_56_1 (fir.cpp:56:22) in fir (fir.cpp:56) | syn.compile.pipeline_loops=64 |
| PIPELINE |         | loop VITIS_LOOP_67_2 (fir.cpp:67:22) in fir (fir.cpp:67) | syn.compile.pipeline_loops=64 |
+----------+---------+----------------------------------------------------------+-------------------------------+

* Implemented Pragmas
+--------+----------+---------------------+
| Type   | Options  | Location            |
+--------+----------+---------------------+
| UNROLL | factor=4 | in fir (fir.cpp:57) |
| UNROLL | factor=4 | in fir (fir.cpp:68) |
+--------+----------+---------------------+

* Valid Pragma Syntax
+-----------+--------------------------------+---------------------------+
| Type      | Options                        | Location                  |
+-----------+--------------------------------+---------------------------+
| INTERFACE | mode=s_axilite port=y          | in fir (../../fir.cpp:26) |
| INTERFACE | mode=s_axilite port=x          | in fir (../../fir.cpp:27) |
| INTERFACE | mode=s_axilite port=return     | in fir (../../fir.cpp:28) |
| INTERFACE | mode=ap_ctrl_chain port=return | in fir (../../fir.cpp:29) |
+-----------+--------------------------------+---------------------------+


