

================================================================
== Vitis HLS Report for 'fir_Pipeline_VITIS_LOOP_36_1'
================================================================
* Date:           Sun Sep  6 12:19:21 2026

* Version:        2026.1 (Build 6493734 on Jun 16 2026)
* Project:        baseline
* Solution:       hls (Vitis Kernel Flow Target)
* Product family: zynquplus
* Target device:  xck26-sfvc784-2LV-c


================================================================
== Performance Estimates
================================================================
+ Timing: 
    * Summary: 
    +--------+----------+----------+------------+
    |  Clock |  Target  | Estimated| Uncertainty|
    +--------+----------+----------+------------+
    |ap_clk  |  10.00 ns|  6.100 ns|     2.70 ns|
    +--------+----------+----------+------------+

+ Latency: 
    * Summary: 
    +---------+---------+----------+----------+-----+-----+-------------------+
    |  Latency (cycles) |  Latency (absolute) |  Interval |      Pipeline     |
    |   min   |   max   |    min   |    max   | min | max |        Type       |
    +---------+---------+----------+----------+-----+-----+-------------------+
    |      129|      129|  1.290 us|  1.290 us|    0|    0|  loop pipeline stp|
    +---------+---------+----------+----------+-----+-----+-------------------+

    + Detail: 
        * Instance: 
        N/A

        * Loop: 
        +-------------------+---------+---------+----------+-----------+-----------+------+----------+
        |                   |  Latency (cycles) | Iteration|  Initiation Interval  | Trip |          |
        |     Loop Name     |   min   |   max   |  Latency |  achieved |   target  | Count| Pipelined|
        +-------------------+---------+---------+----------+-----------+-----------+------+----------+
        |- VITIS_LOOP_36_1  |      127|      127|         2|          1|        N/A|   127|       yes|
        +-------------------+---------+---------+----------+-----------+-----------+------+----------+



================================================================
== Utilization Estimates
================================================================
* Summary: 
+-----------------+---------+------+--------+--------+-----+
|       Name      | BRAM_18K|  DSP |   FF   |   LUT  | URAM|
+-----------------+---------+------+--------+--------+-----+
|DSP              |        -|     -|       -|       -|    -|
|Expression       |        -|     -|       0|      69|    -|
|FIFO             |        -|     -|       -|       -|    -|
|Instance         |        -|     2|       0|      20|    -|
|Memory           |        1|     -|       0|       0|    -|
|Multiplexer      |        -|     -|       0|      36|    -|
|Register         |        -|     -|      51|       -|    -|
+-----------------+---------+------+--------+--------+-----+
|Total            |        1|     2|      51|     125|    0|
+-----------------+---------+------+--------+--------+-----+
|Available        |      288|  1248|  234240|  117120|   64|
+-----------------+---------+------+--------+--------+-----+
|Utilization (%)  |       ~0|    ~0|      ~0|      ~0|    0|
+-----------------+---------+------+--------+--------+-----+

+ Detail: 
    * Instance: 
    +----------------------+-------------------+---------+----+---+----+-----+
    |       Instance       |       Module      | BRAM_18K| DSP| FF| LUT| URAM|
    +----------------------+-------------------+---------+----+---+----+-----+
    |mul_6s_32s_32_1_1_U1  |mul_6s_32s_32_1_1  |        0|   2|  0|  20|    0|
    +----------------------+-------------------+---------+----+---+----+-----+
    |Total                 |                   |        0|   2|  0|  20|    0|
    +----------------------+-------------------+---------+----+---+----+-----+

    * DSP: 
    N/A

    * Memory: 
    +----------------------+-------------------------------------------------------------+---------+---+----+-----+------+-----+------+-------------+
    |        Memory        |                            Module                           | BRAM_18K| FF| LUT| URAM| Words| Bits| Banks| W*Bits*Banks|
    +----------------------+-------------------------------------------------------------+---------+---+----+-----+------+-----+------+-------------+
    |p_const_Z3firPii_h_U  |fir_Pipeline_VITIS_LOOP_36_1_p_const_Z3firPii_h_ROM_AUTO_1R  |        1|  0|   0|    0|   128|   32|     1|         4096|
    +----------------------+-------------------------------------------------------------+---------+---+----+-----+------+-----+------+-------------+
    |Total                 |                                                             |        1|  0|   0|    0|   128|   32|     1|         4096|
    +----------------------+-------------------------------------------------------------+---------+---+----+-----+------+-----+------+-------------+

    * FIFO: 
    N/A

    * Expression: 
    +---------------------+----------+----+---+----+------------+------------+
    |    Variable Name    | Operation| DSP| FF| LUT| Bitwidth P0| Bitwidth P1|
    +---------------------+----------+----+---+----+------------+------------+
    |ans_2_out            |         +|   0|  0|  39|          32|          32|
    |i_3_fu_110_p2        |         +|   0|  0|  14|           7|           2|
    |icmp_ln36_fu_121_p2  |      icmp|   0|  0|  14|           7|           1|
    |ap_enable_pp0        |       xor|   0|  0|   2|           1|           2|
    +---------------------+----------+----+---+----+------------+------------+
    |Total                |          |   0|  0|  69|          47|          37|
    +---------------------+----------+----+---+----+------------+------------+

    * Multiplexer: 
    +----------------------+----+-----------+-----+-----------+
    |         Name         | LUT| Input Size| Bits| Total Bits|
    +----------------------+----+-----------+-----+-----------+
    |ans_fu_36             |   9|          2|   32|         64|
    |ap_done_int           |   9|          2|    1|          2|
    |ap_sig_allocacmp_i_1  |   9|          2|    7|         14|
    |i_fu_32               |   9|          2|    7|         14|
    +----------------------+----+-----------+-----+-----------+
    |Total                 |  36|          8|   47|         94|
    +----------------------+----+-----------+-----+-----------+

    * Register: 
    +----------------------------------+----+----+-----+-----------+
    |               Name               | FF | LUT| Bits| Const Bits|
    +----------------------------------+----+----+-----+-----------+
    |ans_fu_36                         |  32|   0|   32|          0|
    |ap_CS_fsm                         |   1|   0|    1|          0|
    |ap_done_reg                       |   1|   0|    1|          0|
    |ap_enable_reg_pp0_iter1           |   1|   0|    1|          0|
    |ap_loop_exit_ready_pp0_iter1_reg  |   1|   0|    1|          0|
    |i_fu_32                           |   7|   0|    7|          0|
    |icmp_ln36_reg_176                 |   1|   0|    1|          0|
    |zext_ln36_reg_161                 |   7|   0|   64|         57|
    +----------------------------------+----+----+-----+-----------+
    |Total                             |  51|   0|  108|         57|
    +----------------------------------+----+----+-----+-----------+



================================================================
== Interface
================================================================
* Summary: 
+--------------------+-----+-----+------------+------------------------------+--------------+
|      RTL Ports     | Dir | Bits|  Protocol  |         Source Object        |    C Type    |
+--------------------+-----+-----+------------+------------------------------+--------------+
|ap_clk              |   in|    1|  ap_ctrl_hs|  fir_Pipeline_VITIS_LOOP_36_1|  return value|
|ap_rst              |   in|    1|  ap_ctrl_hs|  fir_Pipeline_VITIS_LOOP_36_1|  return value|
|ap_start            |   in|    1|  ap_ctrl_hs|  fir_Pipeline_VITIS_LOOP_36_1|  return value|
|ap_done             |  out|    1|  ap_ctrl_hs|  fir_Pipeline_VITIS_LOOP_36_1|  return value|
|ap_idle             |  out|    1|  ap_ctrl_hs|  fir_Pipeline_VITIS_LOOP_36_1|  return value|
|ap_ready            |  out|    1|  ap_ctrl_hs|  fir_Pipeline_VITIS_LOOP_36_1|  return value|
|ans_2_out           |  out|   32|      ap_vld|                     ans_2_out|       pointer|
|ans_2_out_ap_vld    |  out|    1|      ap_vld|                     ans_2_out|       pointer|
|shift_reg_address0  |  out|    7|   ap_memory|                     shift_reg|         array|
|shift_reg_ce0       |  out|    1|   ap_memory|                     shift_reg|         array|
|shift_reg_we0       |  out|    1|   ap_memory|                     shift_reg|         array|
|shift_reg_d0        |  out|   32|   ap_memory|                     shift_reg|         array|
|shift_reg_address1  |  out|    7|   ap_memory|                     shift_reg|         array|
|shift_reg_ce1       |  out|    1|   ap_memory|                     shift_reg|         array|
|shift_reg_q1        |   in|   32|   ap_memory|                     shift_reg|         array|
+--------------------+-----+-----+------------+------------------------------+--------------+

