

================================================================
== Vitis HLS Report for 'fir_Pipeline_VITIS_LOOP_56_1'
================================================================
* Date:           Sun Sep  6 14:21:36 2026

* Version:        2026.1 (Build 6493734 on Jun 16 2026)
* Project:        baseline
* Solution:       hls (Vitis Kernel Flow Target)
* Product family: zynquplus
* Target device:  xck26-sfvc784-2LV-c


================================================================
== Performance Estimates
================================================================
+ Timing: 
    * Summary: 
    +--------+----------+----------+------------+
    |  Clock |  Target  | Estimated| Uncertainty|
    +--------+----------+----------+------------+
    |ap_clk  |  10.00 ns|  6.376 ns|     2.70 ns|
    +--------+----------+----------+------------+

+ Latency: 
    * Summary: 
    +---------+---------+----------+----------+-----+-----+-------------------+
    |  Latency (cycles) |  Latency (absolute) |  Interval |      Pipeline     |
    |   min   |   max   |    min   |    max   | min | max |        Type       |
    +---------+---------+----------+----------+-----+-----+-------------------+
    |      102|      102|  1.020 us|  1.020 us|    0|    0|  loop pipeline stp|
    +---------+---------+----------+----------+-----+-----+-------------------+

    + Detail: 
        * Instance: 
        N/A

        * Loop: 
        +-------------------+---------+---------+----------+-----------+-----------+------+----------+
        |                   |  Latency (cycles) | Iteration|  Initiation Interval  | Trip |          |
        |     Loop Name     |   min   |   max   |  Latency |  achieved |   target  | Count| Pipelined|
        +-------------------+---------+---------+----------+-----------+-----------+------+----------+
        |- VITIS_LOOP_56_1  |      100|      100|        69|          1|        N/A|    32|       yes|
        +-------------------+---------+---------+----------+-----------+-----------+------+----------+



================================================================
== Utilization Estimates
================================================================
* Summary: 
+-----------------+---------+------+--------+--------+-----+
|       Name      | BRAM_18K|  DSP |   FF   |   LUT  | URAM|
+-----------------+---------+------+--------+--------+-----+
|DSP              |        -|     -|       -|       -|    -|
|Expression       |        -|     -|       0|     361|    -|
|FIFO             |        -|     -|       -|       -|    -|
|Instance         |        -|    80|    8651|    6966|    -|
|Memory           |        -|     -|       -|       -|    -|
|Multiplexer      |        -|     -|       0|     417|    -|
|Register         |        -|     -|     755|     128|    -|
+-----------------+---------+------+--------+--------+-----+
|Total            |        0|    80|    9406|    7872|    0|
+-----------------+---------+------+--------+--------+-----+
|Available        |      288|  1248|  234240|  117120|   64|
+-----------------+---------+------+--------+--------+-----+
|Utilization (%)  |        0|     6|       4|       6|    0|
+-----------------+---------+------+--------+--------+-----+

+ Detail: 
    * Instance: 
    +---------------------------+-----------------------+---------+----+------+------+-----+
    |          Instance         |         Module        | BRAM_18K| DSP|  FF  |  LUT | URAM|
    +---------------------------+-----------------------+---------+----+------+------+-----+
    |mul_64ns_66ns_129_1_1_U1   |mul_64ns_66ns_129_1_1  |        0|  16|     0|    51|    0|
    |mul_64ns_66ns_129_1_1_U2   |mul_64ns_66ns_129_1_1  |        0|  16|     0|    51|    0|
    |mul_64ns_66ns_129_1_1_U3   |mul_64ns_66ns_129_1_1  |        0|  16|     0|    51|    0|
    |mul_64ns_66ns_129_1_1_U4   |mul_64ns_66ns_129_1_1  |        0|  16|     0|    51|    0|
    |mul_64ns_66ns_129_1_1_U5   |mul_64ns_66ns_129_1_1  |        0|  16|     0|    51|    0|
    |sparsemux_11_3_32_1_1_U7   |sparsemux_11_3_32_1_1  |        0|   0|     0|    26|    0|
    |sparsemux_11_3_32_1_1_U8   |sparsemux_11_3_32_1_1  |        0|   0|     0|    26|    0|
    |sparsemux_11_3_32_1_1_U9   |sparsemux_11_3_32_1_1  |        0|   0|     0|    26|    0|
    |sparsemux_11_3_32_1_1_U10  |sparsemux_11_3_32_1_1  |        0|   0|     0|    26|    0|
    |urem_64ns_4ns_3_68_1_U6    |urem_64ns_4ns_3_68_1   |        0|   0|  8651|  6607|    0|
    +---------------------------+-----------------------+---------+----+------+------+-----+
    |Total                      |                       |        0|  80|  8651|  6966|    0|
    +---------------------------+-----------------------+---------+----+------+------+-----+

    * DSP: 
    N/A

    * Memory: 
    N/A

    * FIFO: 
    N/A

    * Expression: 
    +----------------------+----------+----+---+----+------------+------------+
    |     Variable Name    | Operation| DSP| FF| LUT| Bitwidth P0| Bitwidth P1|
    +----------------------+----------+----+---+----+------------+------------+
    |add_ln60_1_fu_426_p2  |         +|   0|  0|  71|          64|           3|
    |add_ln60_2_fu_347_p2  |         +|   0|  0|  71|          64|           3|
    |add_ln60_3_fu_359_p2  |         +|   0|  0|  71|          64|           4|
    |add_ln60_fu_397_p2    |         +|   0|  0|  71|          64|           2|
    |ap_condition_751      |       and|   0|  0|   2|           1|           1|
    |ap_condition_752      |       and|   0|  0|   2|           1|           1|
    |icmp_ln56_fu_353_p2   |      icmp|   0|  0|  71|          64|           1|
    |ap_enable_pp0         |       xor|   0|  0|   2|           1|           2|
    +----------------------+----------+----+---+----+------------+------------+
    |Total                 |          |   0|  0| 361|         323|          17|
    +----------------------+----------+----+---+----+------------+------------+

    * Multiplexer: 
    +----------------------------------------+----+-----------+-----+-----------+
    |                  Name                  | LUT| Input Size| Bits| Total Bits|
    +----------------------------------------+----+-----------+-----+-----------+
    |ap_done_int                             |   9|          2|    1|          2|
    |ap_enable_reg_pp0_iter1                 |   9|          2|    1|          2|
    |fir_int_int_shift_reg_1_address0_local  |  26|          5|    5|         25|
    |fir_int_int_shift_reg_1_address1_local  |  26|          5|    5|         25|
    |fir_int_int_shift_reg_1_d0_local        |  26|          5|   32|        160|
    |fir_int_int_shift_reg_2_address0_local  |  26|          5|    5|         25|
    |fir_int_int_shift_reg_2_address1_local  |  26|          5|    5|         25|
    |fir_int_int_shift_reg_2_d0_local        |  26|          5|   32|        160|
    |fir_int_int_shift_reg_3_address0_local  |  26|          5|    5|         25|
    |fir_int_int_shift_reg_3_address1_local  |  26|          5|    5|         25|
    |fir_int_int_shift_reg_3_d0_local        |  26|          5|   32|        160|
    |fir_int_int_shift_reg_4_address0_local  |  26|          5|    5|         25|
    |fir_int_int_shift_reg_4_address1_local  |  26|          5|    5|         25|
    |fir_int_int_shift_reg_4_d0_local        |  26|          5|   32|        160|
    |fir_int_int_shift_reg_address0_local    |  26|          5|    5|         25|
    |fir_int_int_shift_reg_address1_local    |  26|          5|    5|         25|
    |fir_int_int_shift_reg_d0_local          |  26|          5|   32|        160|
    |i_fu_64                                 |   9|          2|   64|        128|
    +----------------------------------------+----+-----------+-----+-----------+
    |Total                                   | 417|         81|  276|       1182|
    +----------------------------------------+----+-----------+-----+-----------+

    * Register: 
    +----------------------------------------+----+----+-----+-----------+
    |                  Name                  | FF | LUT| Bits| Const Bits|
    +----------------------------------------+----+----+-----+-----------+
    |add_ln60_2_reg_668                      |  64|   0|   64|          0|
    |add_ln60_3_reg_677                      |  64|   0|   64|          0|
    |ap_CS_fsm                               |   1|   0|    1|          0|
    |ap_done_reg                             |   1|   0|    1|          0|
    |ap_enable_reg_pp0_iter1                 |   1|   0|    1|          0|
    |ap_enable_reg_pp0_iter10                |   1|   0|    1|          0|
    |ap_enable_reg_pp0_iter11                |   1|   0|    1|          0|
    |ap_enable_reg_pp0_iter12                |   1|   0|    1|          0|
    |ap_enable_reg_pp0_iter13                |   1|   0|    1|          0|
    |ap_enable_reg_pp0_iter14                |   1|   0|    1|          0|
    |ap_enable_reg_pp0_iter15                |   1|   0|    1|          0|
    |ap_enable_reg_pp0_iter16                |   1|   0|    1|          0|
    |ap_enable_reg_pp0_iter17                |   1|   0|    1|          0|
    |ap_enable_reg_pp0_iter18                |   1|   0|    1|          0|
    |ap_enable_reg_pp0_iter19                |   1|   0|    1|          0|
    |ap_enable_reg_pp0_iter2                 |   1|   0|    1|          0|
    |ap_enable_reg_pp0_iter20                |   1|   0|    1|          0|
    |ap_enable_reg_pp0_iter21                |   1|   0|    1|          0|
    |ap_enable_reg_pp0_iter22                |   1|   0|    1|          0|
    |ap_enable_reg_pp0_iter23                |   1|   0|    1|          0|
    |ap_enable_reg_pp0_iter24                |   1|   0|    1|          0|
    |ap_enable_reg_pp0_iter25                |   1|   0|    1|          0|
    |ap_enable_reg_pp0_iter26                |   1|   0|    1|          0|
    |ap_enable_reg_pp0_iter27                |   1|   0|    1|          0|
    |ap_enable_reg_pp0_iter28                |   1|   0|    1|          0|
    |ap_enable_reg_pp0_iter29                |   1|   0|    1|          0|
    |ap_enable_reg_pp0_iter3                 |   1|   0|    1|          0|
    |ap_enable_reg_pp0_iter30                |   1|   0|    1|          0|
    |ap_enable_reg_pp0_iter31                |   1|   0|    1|          0|
    |ap_enable_reg_pp0_iter32                |   1|   0|    1|          0|
    |ap_enable_reg_pp0_iter33                |   1|   0|    1|          0|
    |ap_enable_reg_pp0_iter34                |   1|   0|    1|          0|
    |ap_enable_reg_pp0_iter35                |   1|   0|    1|          0|
    |ap_enable_reg_pp0_iter36                |   1|   0|    1|          0|
    |ap_enable_reg_pp0_iter37                |   1|   0|    1|          0|
    |ap_enable_reg_pp0_iter38                |   1|   0|    1|          0|
    |ap_enable_reg_pp0_iter39                |   1|   0|    1|          0|
    |ap_enable_reg_pp0_iter4                 |   1|   0|    1|          0|
    |ap_enable_reg_pp0_iter40                |   1|   0|    1|          0|
    |ap_enable_reg_pp0_iter41                |   1|   0|    1|          0|
    |ap_enable_reg_pp0_iter42                |   1|   0|    1|          0|
    |ap_enable_reg_pp0_iter43                |   1|   0|    1|          0|
    |ap_enable_reg_pp0_iter44                |   1|   0|    1|          0|
    |ap_enable_reg_pp0_iter45                |   1|   0|    1|          0|
    |ap_enable_reg_pp0_iter46                |   1|   0|    1|          0|
    |ap_enable_reg_pp0_iter47                |   1|   0|    1|          0|
    |ap_enable_reg_pp0_iter48                |   1|   0|    1|          0|
    |ap_enable_reg_pp0_iter49                |   1|   0|    1|          0|
    |ap_enable_reg_pp0_iter5                 |   1|   0|    1|          0|
    |ap_enable_reg_pp0_iter50                |   1|   0|    1|          0|
    |ap_enable_reg_pp0_iter51                |   1|   0|    1|          0|
    |ap_enable_reg_pp0_iter52                |   1|   0|    1|          0|
    |ap_enable_reg_pp0_iter53                |   1|   0|    1|          0|
    |ap_enable_reg_pp0_iter54                |   1|   0|    1|          0|
    |ap_enable_reg_pp0_iter55                |   1|   0|    1|          0|
    |ap_enable_reg_pp0_iter56                |   1|   0|    1|          0|
    |ap_enable_reg_pp0_iter57                |   1|   0|    1|          0|
    |ap_enable_reg_pp0_iter58                |   1|   0|    1|          0|
    |ap_enable_reg_pp0_iter59                |   1|   0|    1|          0|
    |ap_enable_reg_pp0_iter6                 |   1|   0|    1|          0|
    |ap_enable_reg_pp0_iter60                |   1|   0|    1|          0|
    |ap_enable_reg_pp0_iter61                |   1|   0|    1|          0|
    |ap_enable_reg_pp0_iter62                |   1|   0|    1|          0|
    |ap_enable_reg_pp0_iter63                |   1|   0|    1|          0|
    |ap_enable_reg_pp0_iter64                |   1|   0|    1|          0|
    |ap_enable_reg_pp0_iter65                |   1|   0|    1|          0|
    |ap_enable_reg_pp0_iter66                |   1|   0|    1|          0|
    |ap_enable_reg_pp0_iter67                |   1|   0|    1|          0|
    |ap_enable_reg_pp0_iter68                |   1|   0|    1|          0|
    |ap_enable_reg_pp0_iter69                |   1|   0|    1|          0|
    |ap_enable_reg_pp0_iter7                 |   1|   0|    1|          0|
    |ap_enable_reg_pp0_iter8                 |   1|   0|    1|          0|
    |ap_enable_reg_pp0_iter9                 |   1|   0|    1|          0|
    |ap_loop_exit_ready_pp0_iter10_reg       |   1|   0|    1|          0|
    |ap_loop_exit_ready_pp0_iter11_reg       |   1|   0|    1|          0|
    |ap_loop_exit_ready_pp0_iter12_reg       |   1|   0|    1|          0|
    |ap_loop_exit_ready_pp0_iter13_reg       |   1|   0|    1|          0|
    |ap_loop_exit_ready_pp0_iter14_reg       |   1|   0|    1|          0|
    |ap_loop_exit_ready_pp0_iter15_reg       |   1|   0|    1|          0|
    |ap_loop_exit_ready_pp0_iter16_reg       |   1|   0|    1|          0|
    |ap_loop_exit_ready_pp0_iter17_reg       |   1|   0|    1|          0|
    |ap_loop_exit_ready_pp0_iter18_reg       |   1|   0|    1|          0|
    |ap_loop_exit_ready_pp0_iter19_reg       |   1|   0|    1|          0|
    |ap_loop_exit_ready_pp0_iter20_reg       |   1|   0|    1|          0|
    |ap_loop_exit_ready_pp0_iter21_reg       |   1|   0|    1|          0|
    |ap_loop_exit_ready_pp0_iter22_reg       |   1|   0|    1|          0|
    |ap_loop_exit_ready_pp0_iter23_reg       |   1|   0|    1|          0|
    |ap_loop_exit_ready_pp0_iter24_reg       |   1|   0|    1|          0|
    |ap_loop_exit_ready_pp0_iter25_reg       |   1|   0|    1|          0|
    |ap_loop_exit_ready_pp0_iter26_reg       |   1|   0|    1|          0|
    |ap_loop_exit_ready_pp0_iter27_reg       |   1|   0|    1|          0|
    |ap_loop_exit_ready_pp0_iter28_reg       |   1|   0|    1|          0|
    |ap_loop_exit_ready_pp0_iter29_reg       |   1|   0|    1|          0|
    |ap_loop_exit_ready_pp0_iter2_reg        |   1|   0|    1|          0|
    |ap_loop_exit_ready_pp0_iter30_reg       |   1|   0|    1|          0|
    |ap_loop_exit_ready_pp0_iter31_reg       |   1|   0|    1|          0|
    |ap_loop_exit_ready_pp0_iter32_reg       |   1|   0|    1|          0|
    |ap_loop_exit_ready_pp0_iter33_reg       |   1|   0|    1|          0|
    |ap_loop_exit_ready_pp0_iter34_reg       |   1|   0|    1|          0|
    |ap_loop_exit_ready_pp0_iter35_reg       |   1|   0|    1|          0|
    |ap_loop_exit_ready_pp0_iter36_reg       |   1|   0|    1|          0|
    |ap_loop_exit_ready_pp0_iter37_reg       |   1|   0|    1|          0|
    |ap_loop_exit_ready_pp0_iter38_reg       |   1|   0|    1|          0|
    |ap_loop_exit_ready_pp0_iter39_reg       |   1|   0|    1|          0|
    |ap_loop_exit_ready_pp0_iter3_reg        |   1|   0|    1|          0|
    |ap_loop_exit_ready_pp0_iter40_reg       |   1|   0|    1|          0|
    |ap_loop_exit_ready_pp0_iter41_reg       |   1|   0|    1|          0|
    |ap_loop_exit_ready_pp0_iter42_reg       |   1|   0|    1|          0|
    |ap_loop_exit_ready_pp0_iter43_reg       |   1|   0|    1|          0|
    |ap_loop_exit_ready_pp0_iter44_reg       |   1|   0|    1|          0|
    |ap_loop_exit_ready_pp0_iter45_reg       |   1|   0|    1|          0|
    |ap_loop_exit_ready_pp0_iter46_reg       |   1|   0|    1|          0|
    |ap_loop_exit_ready_pp0_iter47_reg       |   1|   0|    1|          0|
    |ap_loop_exit_ready_pp0_iter48_reg       |   1|   0|    1|          0|
    |ap_loop_exit_ready_pp0_iter49_reg       |   1|   0|    1|          0|
    |ap_loop_exit_ready_pp0_iter4_reg        |   1|   0|    1|          0|
    |ap_loop_exit_ready_pp0_iter50_reg       |   1|   0|    1|          0|
    |ap_loop_exit_ready_pp0_iter51_reg       |   1|   0|    1|          0|
    |ap_loop_exit_ready_pp0_iter52_reg       |   1|   0|    1|          0|
    |ap_loop_exit_ready_pp0_iter53_reg       |   1|   0|    1|          0|
    |ap_loop_exit_ready_pp0_iter54_reg       |   1|   0|    1|          0|
    |ap_loop_exit_ready_pp0_iter55_reg       |   1|   0|    1|          0|
    |ap_loop_exit_ready_pp0_iter56_reg       |   1|   0|    1|          0|
    |ap_loop_exit_ready_pp0_iter57_reg       |   1|   0|    1|          0|
    |ap_loop_exit_ready_pp0_iter58_reg       |   1|   0|    1|          0|
    |ap_loop_exit_ready_pp0_iter59_reg       |   1|   0|    1|          0|
    |ap_loop_exit_ready_pp0_iter5_reg        |   1|   0|    1|          0|
    |ap_loop_exit_ready_pp0_iter60_reg       |   1|   0|    1|          0|
    |ap_loop_exit_ready_pp0_iter61_reg       |   1|   0|    1|          0|
    |ap_loop_exit_ready_pp0_iter62_reg       |   1|   0|    1|          0|
    |ap_loop_exit_ready_pp0_iter63_reg       |   1|   0|    1|          0|
    |ap_loop_exit_ready_pp0_iter64_reg       |   1|   0|    1|          0|
    |ap_loop_exit_ready_pp0_iter65_reg       |   1|   0|    1|          0|
    |ap_loop_exit_ready_pp0_iter66_reg       |   1|   0|    1|          0|
    |ap_loop_exit_ready_pp0_iter67_reg       |   1|   0|    1|          0|
    |ap_loop_exit_ready_pp0_iter68_reg       |   1|   0|    1|          0|
    |ap_loop_exit_ready_pp0_iter69_reg       |   1|   0|    1|          0|
    |ap_loop_exit_ready_pp0_iter6_reg        |   1|   0|    1|          0|
    |ap_loop_exit_ready_pp0_iter7_reg        |   1|   0|    1|          0|
    |ap_loop_exit_ready_pp0_iter8_reg        |   1|   0|    1|          0|
    |ap_loop_exit_ready_pp0_iter9_reg        |   1|   0|    1|          0|
    |fir_int_int_shift_reg_1_addr_1_reg_725  |   5|   0|    5|          0|
    |fir_int_int_shift_reg_1_addr_2_reg_751  |   5|   0|    5|          0|
    |fir_int_int_shift_reg_1_addr_3_reg_781  |   5|   0|    5|          0|
    |fir_int_int_shift_reg_1_addr_reg_696    |   5|   0|    5|          0|
    |fir_int_int_shift_reg_2_addr_1_reg_730  |   5|   0|    5|          0|
    |fir_int_int_shift_reg_2_addr_2_reg_757  |   5|   0|    5|          0|
    |fir_int_int_shift_reg_2_addr_3_reg_787  |   5|   0|    5|          0|
    |fir_int_int_shift_reg_2_addr_reg_702    |   5|   0|    5|          0|
    |fir_int_int_shift_reg_3_addr_1_reg_735  |   5|   0|    5|          0|
    |fir_int_int_shift_reg_3_addr_2_reg_763  |   5|   0|    5|          0|
    |fir_int_int_shift_reg_3_addr_3_reg_793  |   5|   0|    5|          0|
    |fir_int_int_shift_reg_3_addr_reg_708    |   5|   0|    5|          0|
    |fir_int_int_shift_reg_4_addr_1_reg_740  |   5|   0|    5|          0|
    |fir_int_int_shift_reg_4_addr_2_reg_769  |   5|   0|    5|          0|
    |fir_int_int_shift_reg_4_addr_3_reg_799  |   5|   0|    5|          0|
    |fir_int_int_shift_reg_4_addr_reg_714    |   5|   0|    5|          0|
    |fir_int_int_shift_reg_addr_1_reg_720    |   5|   0|    5|          0|
    |fir_int_int_shift_reg_addr_2_reg_745    |   5|   0|    5|          0|
    |fir_int_int_shift_reg_addr_3_reg_775    |   5|   0|    5|          0|
    |fir_int_int_shift_reg_addr_reg_690      |   5|   0|    5|          0|
    |i_2_reg_660                             |  64|   0|   64|          0|
    |i_fu_64                                 |  64|   0|   64|          0|
    |icmp_ln56_reg_673                       |   1|   0|    1|          0|
    |trunc_ln56_reg_682                      |   3|   0|    3|          0|
    |add_ln60_2_reg_668                      |  64|  32|   64|          0|
    |add_ln60_3_reg_677                      |  64|  32|   64|          0|
    |i_2_reg_660                             |  64|  32|   64|          0|
    |icmp_ln56_reg_673                       |  64|  32|    1|          0|
    +----------------------------------------+----+----+-----+-----------+
    |Total                                   | 755| 128|  692|          0|
    +----------------------------------------+----+----+-----+-----------+



================================================================
== Interface
================================================================
* Summary: 
+----------------------------------+-----+-----+------------+------------------------------+--------------+
|             RTL Ports            | Dir | Bits|  Protocol  |         Source Object        |    C Type    |
+----------------------------------+-----+-----+------------+------------------------------+--------------+
|ap_clk                            |   in|    1|  ap_ctrl_hs|  fir_Pipeline_VITIS_LOOP_56_1|  return value|
|ap_rst                            |   in|    1|  ap_ctrl_hs|  fir_Pipeline_VITIS_LOOP_56_1|  return value|
|ap_start                          |   in|    1|  ap_ctrl_hs|  fir_Pipeline_VITIS_LOOP_56_1|  return value|
|ap_done                           |  out|    1|  ap_ctrl_hs|  fir_Pipeline_VITIS_LOOP_56_1|  return value|
|ap_idle                           |  out|    1|  ap_ctrl_hs|  fir_Pipeline_VITIS_LOOP_56_1|  return value|
|ap_ready                          |  out|    1|  ap_ctrl_hs|  fir_Pipeline_VITIS_LOOP_56_1|  return value|
|fir_int_int_shift_reg_address0    |  out|    5|   ap_memory|         fir_int_int_shift_reg|         array|
|fir_int_int_shift_reg_ce0         |  out|    1|   ap_memory|         fir_int_int_shift_reg|         array|
|fir_int_int_shift_reg_we0         |  out|    1|   ap_memory|         fir_int_int_shift_reg|         array|
|fir_int_int_shift_reg_d0          |  out|   32|   ap_memory|         fir_int_int_shift_reg|         array|
|fir_int_int_shift_reg_address1    |  out|    5|   ap_memory|         fir_int_int_shift_reg|         array|
|fir_int_int_shift_reg_ce1         |  out|    1|   ap_memory|         fir_int_int_shift_reg|         array|
|fir_int_int_shift_reg_q1          |   in|   32|   ap_memory|         fir_int_int_shift_reg|         array|
|fir_int_int_shift_reg_1_address0  |  out|    5|   ap_memory|       fir_int_int_shift_reg_1|         array|
|fir_int_int_shift_reg_1_ce0       |  out|    1|   ap_memory|       fir_int_int_shift_reg_1|         array|
|fir_int_int_shift_reg_1_we0       |  out|    1|   ap_memory|       fir_int_int_shift_reg_1|         array|
|fir_int_int_shift_reg_1_d0        |  out|   32|   ap_memory|       fir_int_int_shift_reg_1|         array|
|fir_int_int_shift_reg_1_address1  |  out|    5|   ap_memory|       fir_int_int_shift_reg_1|         array|
|fir_int_int_shift_reg_1_ce1       |  out|    1|   ap_memory|       fir_int_int_shift_reg_1|         array|
|fir_int_int_shift_reg_1_q1        |   in|   32|   ap_memory|       fir_int_int_shift_reg_1|         array|
|fir_int_int_shift_reg_2_address0  |  out|    5|   ap_memory|       fir_int_int_shift_reg_2|         array|
|fir_int_int_shift_reg_2_ce0       |  out|    1|   ap_memory|       fir_int_int_shift_reg_2|         array|
|fir_int_int_shift_reg_2_we0       |  out|    1|   ap_memory|       fir_int_int_shift_reg_2|         array|
|fir_int_int_shift_reg_2_d0        |  out|   32|   ap_memory|       fir_int_int_shift_reg_2|         array|
|fir_int_int_shift_reg_2_address1  |  out|    5|   ap_memory|       fir_int_int_shift_reg_2|         array|
|fir_int_int_shift_reg_2_ce1       |  out|    1|   ap_memory|       fir_int_int_shift_reg_2|         array|
|fir_int_int_shift_reg_2_q1        |   in|   32|   ap_memory|       fir_int_int_shift_reg_2|         array|
|fir_int_int_shift_reg_3_address0  |  out|    5|   ap_memory|       fir_int_int_shift_reg_3|         array|
|fir_int_int_shift_reg_3_ce0       |  out|    1|   ap_memory|       fir_int_int_shift_reg_3|         array|
|fir_int_int_shift_reg_3_we0       |  out|    1|   ap_memory|       fir_int_int_shift_reg_3|         array|
|fir_int_int_shift_reg_3_d0        |  out|   32|   ap_memory|       fir_int_int_shift_reg_3|         array|
|fir_int_int_shift_reg_3_address1  |  out|    5|   ap_memory|       fir_int_int_shift_reg_3|         array|
|fir_int_int_shift_reg_3_ce1       |  out|    1|   ap_memory|       fir_int_int_shift_reg_3|         array|
|fir_int_int_shift_reg_3_q1        |   in|   32|   ap_memory|       fir_int_int_shift_reg_3|         array|
|fir_int_int_shift_reg_4_address0  |  out|    5|   ap_memory|       fir_int_int_shift_reg_4|         array|
|fir_int_int_shift_reg_4_ce0       |  out|    1|   ap_memory|       fir_int_int_shift_reg_4|         array|
|fir_int_int_shift_reg_4_we0       |  out|    1|   ap_memory|       fir_int_int_shift_reg_4|         array|
|fir_int_int_shift_reg_4_d0        |  out|   32|   ap_memory|       fir_int_int_shift_reg_4|         array|
|fir_int_int_shift_reg_4_address1  |  out|    5|   ap_memory|       fir_int_int_shift_reg_4|         array|
|fir_int_int_shift_reg_4_ce1       |  out|    1|   ap_memory|       fir_int_int_shift_reg_4|         array|
|fir_int_int_shift_reg_4_q1        |   in|   32|   ap_memory|       fir_int_int_shift_reg_4|         array|
+----------------------------------+-----+-----+------------+------------------------------+--------------+

