

================================================================
== Vitis HLS Report for 'fir_Pipeline_VITIS_LOOP_35_1'
================================================================
* Date:           Sun Sep  6 11:59:18 2026

* Version:        2026.1 (Build 6493734 on Jun 16 2026)
* Project:        baseline
* Solution:       hls (Vitis Kernel Flow Target)
* Product family: zynquplus
* Target device:  xck26-sfvc784-2LV-c


================================================================
== Performance Estimates
================================================================
+ Timing: 
    * Summary: 
    +--------+----------+----------+------------+
    |  Clock |  Target  | Estimated| Uncertainty|
    +--------+----------+----------+------------+
    |ap_clk  |  10.00 ns|  2.474 ns|     2.70 ns|
    +--------+----------+----------+------------+

+ Latency: 
    * Summary: 
    +---------+---------+----------+----------+-----+-----+-------------------+
    |  Latency (cycles) |  Latency (absolute) |  Interval |      Pipeline     |
    |   min   |   max   |    min   |    max   | min | max |        Type       |
    +---------+---------+----------+----------+-----+-----+-------------------+
    |      256|      256|  2.560 us|  2.560 us|    0|    0|  loop pipeline stp|
    +---------+---------+----------+----------+-----+-----+-------------------+

    + Detail: 
        * Instance: 
        N/A

        * Loop: 
        +-------------------+---------+---------+----------+-----------+-----------+------+----------+
        |                   |  Latency (cycles) | Iteration|  Initiation Interval  | Trip |          |
        |     Loop Name     |   min   |   max   |  Latency |  achieved |   target  | Count| Pipelined|
        +-------------------+---------+---------+----------+-----------+-----------+------+----------+
        |- VITIS_LOOP_35_1  |      254|      254|         2|          2|          4|   127|       yes|
        +-------------------+---------+---------+----------+-----------+-----------+------+----------+



================================================================
== Utilization Estimates
================================================================
* Summary: 
+-----------------+---------+------+--------+--------+-----+
|       Name      | BRAM_18K|  DSP |   FF   |   LUT  | URAM|
+-----------------+---------+------+--------+--------+-----+
|DSP              |        -|     -|       -|       -|    -|
|Expression       |        -|     -|       0|      28|    -|
|FIFO             |        -|     -|       -|       -|    -|
|Instance         |        -|     -|       -|       -|    -|
|Memory           |        -|     -|       -|       -|    -|
|Multiplexer      |        -|     -|       0|      55|    -|
|Register         |        -|     -|      18|       -|    -|
+-----------------+---------+------+--------+--------+-----+
|Total            |        0|     0|      18|      83|    0|
+-----------------+---------+------+--------+--------+-----+
|Available        |      288|  1248|  234240|  117120|   64|
+-----------------+---------+------+--------+--------+-----+
|Utilization (%)  |        0|     0|      ~0|      ~0|    0|
+-----------------+---------+------+--------+--------+-----+

+ Detail: 
    * Instance: 
    N/A

    * DSP: 
    N/A

    * Memory: 
    N/A

    * FIFO: 
    N/A

    * Expression: 
    +--------------------+----------+----+---+----+------------+------------+
    |    Variable Name   | Operation| DSP| FF| LUT| Bitwidth P0| Bitwidth P1|
    +--------------------+----------+----+---+----+------------+------------+
    |add_ln37_fu_68_p2   |         +|   0|  0|  14|           7|           2|
    |icmp_ln35_fu_62_p2  |      icmp|   0|  0|  14|           7|           1|
    +--------------------+----------+----+---+----+------------+------------+
    |Total               |          |   0|  0|  28|          14|           3|
    +--------------------+----------+----+---+----+------------+------------+

    * Multiplexer: 
    +--------------------------+----+-----------+-----+-----------+
    |           Name           | LUT| Input Size| Bits| Total Bits|
    +--------------------------+----+-----------+-----+-----------+
    |ap_NS_fsm                 |  14|          3|    1|          3|
    |ap_done_int               |   9|          2|    1|          2|
    |ap_sig_allocacmp_i_2      |   9|          2|    7|         14|
    |i_fu_28                   |   9|          2|    7|         14|
    |shift_reg_address0_local  |  14|          3|    7|         21|
    +--------------------------+----+-----------+-----+-----------+
    |Total                     |  55|         12|   23|         54|
    +--------------------------+----+-----------+-----+-----------+

    * Register: 
    +-------------------+---+----+-----+-----------+
    |        Name       | FF| LUT| Bits| Const Bits|
    +-------------------+---+----+-----+-----------+
    |ap_CS_fsm          |  2|   0|    2|          0|
    |ap_done_reg        |  1|   0|    1|          0|
    |i_2_reg_95         |  7|   0|    7|          0|
    |i_fu_28            |  7|   0|    7|          0|
    |icmp_ln35_reg_100  |  1|   0|    1|          0|
    +-------------------+---+----+-----+-----------+
    |Total              | 18|   0|   18|          0|
    +-------------------+---+----+-----+-----------+



================================================================
== Interface
================================================================
* Summary: 
+--------------------+-----+-----+------------+------------------------------+--------------+
|      RTL Ports     | Dir | Bits|  Protocol  |         Source Object        |    C Type    |
+--------------------+-----+-----+------------+------------------------------+--------------+
|ap_clk              |   in|    1|  ap_ctrl_hs|  fir_Pipeline_VITIS_LOOP_35_1|  return value|
|ap_rst              |   in|    1|  ap_ctrl_hs|  fir_Pipeline_VITIS_LOOP_35_1|  return value|
|ap_start            |   in|    1|  ap_ctrl_hs|  fir_Pipeline_VITIS_LOOP_35_1|  return value|
|ap_done             |  out|    1|  ap_ctrl_hs|  fir_Pipeline_VITIS_LOOP_35_1|  return value|
|ap_idle             |  out|    1|  ap_ctrl_hs|  fir_Pipeline_VITIS_LOOP_35_1|  return value|
|ap_ready            |  out|    1|  ap_ctrl_hs|  fir_Pipeline_VITIS_LOOP_35_1|  return value|
|shift_reg_address0  |  out|    7|   ap_memory|                     shift_reg|         array|
|shift_reg_ce0       |  out|    1|   ap_memory|                     shift_reg|         array|
|shift_reg_we0       |  out|    1|   ap_memory|                     shift_reg|         array|
|shift_reg_d0        |  out|   32|   ap_memory|                     shift_reg|         array|
|shift_reg_q0        |   in|   32|   ap_memory|                     shift_reg|         array|
+--------------------+-----+-----+------------+------------------------------+--------------+

