

================================================================
== Vitis HLS Report for 'fir_Pipeline_VITIS_LOOP_41_2'
================================================================
* Date:           Sun Sep  6 11:14:52 2026

* Version:        2026.1 (Build 6493734 on Jun 16 2026)
* Project:        baseline
* Solution:       hls (Vitis Kernel Flow Target)
* Product family: zynquplus
* Target device:  xck26-sfvc784-2LV-c


================================================================
== Performance Estimates
================================================================
+ Timing: 
    * Summary: 
    +--------+----------+----------+------------+
    |  Clock |  Target  | Estimated| Uncertainty|
    +--------+----------+----------+------------+
    |ap_clk  |  10.00 ns|  7.279 ns|     2.70 ns|
    +--------+----------+----------+------------+

+ Latency: 
    * Summary: 
    +---------+---------+----------+----------+-----+-----+-------------------+
    |  Latency (cycles) |  Latency (absolute) |  Interval |      Pipeline     |
    |   min   |   max   |    min   |    max   | min | max |        Type       |
    +---------+---------+----------+----------+-----+-----+-------------------+
    |      130|      130|  1.300 us|  1.300 us|    0|    0|  loop pipeline stp|
    +---------+---------+----------+----------+-----+-----+-------------------+

    + Detail: 
        * Instance: 
        N/A

        * Loop: 
        +-------------------+---------+---------+----------+-----------+-----------+------+----------+
        |                   |  Latency (cycles) | Iteration|  Initiation Interval  | Trip |          |
        |     Loop Name     |   min   |   max   |  Latency |  achieved |   target  | Count| Pipelined|
        +-------------------+---------+---------+----------+-----------+-----------+------+----------+
        |- VITIS_LOOP_41_2  |      128|      128|         2|          1|        N/A|   128|       yes|
        +-------------------+---------+---------+----------+-----------+-----------+------+----------+



================================================================
== Utilization Estimates
================================================================
* Summary: 
+-----------------+---------+------+--------+--------+-----+
|       Name      | BRAM_18K|  DSP |   FF   |   LUT  | URAM|
+-----------------+---------+------+--------+--------+-----+
|DSP              |        -|     -|       -|       -|    -|
|Expression       |        -|     -|       0|     104|    -|
|FIFO             |        -|     -|       -|       -|    -|
|Instance         |        -|     4|       0|      46|    -|
|Memory           |        0|     -|       5|      10|    -|
|Multiplexer      |        -|     -|       0|      45|    -|
|Register         |        -|     -|      75|       -|    -|
+-----------------+---------+------+--------+--------+-----+
|Total            |        0|     4|      80|     205|    0|
+-----------------+---------+------+--------+--------+-----+
|Available        |      288|  1248|  234240|  117120|   64|
+-----------------+---------+------+--------+--------+-----+
|Utilization (%)  |        0|    ~0|      ~0|      ~0|    0|
+-----------------+---------+------+--------+--------+-----+

+ Detail: 
    * Instance: 
    +----------------------+-------------------+---------+----+---+----+-----+
    |       Instance       |       Module      | BRAM_18K| DSP| FF| LUT| URAM|
    +----------------------+-------------------+---------+----+---+----+-----+
    |mul_5s_64s_64_1_1_U2  |mul_5s_64s_64_1_1  |        0|   4|  0|  46|    0|
    +----------------------+-------------------+---------+----+---+----+-----+
    |Total                 |                   |        0|   4|  0|  46|    0|
    +----------------------+-------------------+---------+----+---+----+-----+

    * DSP: 
    N/A

    * Memory: 
    +-------+--------------------------------------------+---------+---+----+-----+------+-----+------+-------------+
    | Memory|                   Module                   | BRAM_18K| FF| LUT| URAM| Words| Bits| Banks| W*Bits*Banks|
    +-------+--------------------------------------------+---------+---+----+-----+------+-----+------+-------------+
    |h_U    |fir_Pipeline_VITIS_LOOP_41_2_h_ROM_AUTO_1R  |        0|  5|  10|    0|   128|    5|     1|          640|
    +-------+--------------------------------------------+---------+---+----+-----+------+-----+------+-------------+
    |Total  |                                            |        0|  5|  10|    0|   128|    5|     1|          640|
    +-------+--------------------------------------------+---------+---+----+-----+------+-----+------+-------------+

    * FIFO: 
    N/A

    * Expression: 
    +--------------------+----------+----+---+----+------------+------------+
    |    Variable Name   | Operation| DSP| FF| LUT| Bitwidth P0| Bitwidth P1|
    +--------------------+----------+----+---+----+------------+------------+
    |add_ln41_fu_94_p2   |         +|   0|  0|  15|           8|           1|
    |ans_1_fu_124_p2     |         +|   0|  0|  71|          64|          64|
    |icmp_ln41_fu_88_p2  |      icmp|   0|  0|  16|           8|           9|
    |ap_enable_pp0       |       xor|   0|  0|   2|           1|           2|
    +--------------------+----------+----+---+----+------------+------------+
    |Total               |          |   0|  0| 104|          81|          76|
    +--------------------+----------+----+---+----+------------+------------+

    * Multiplexer: 
    +-------------------------+----+-----------+-----+-----------+
    |           Name          | LUT| Input Size| Bits| Total Bits|
    +-------------------------+----+-----------+-----+-----------+
    |ans_fu_34                |   9|          2|   64|        128|
    |ap_done_int              |   9|          2|    1|          2|
    |ap_enable_reg_pp0_iter1  |   9|          2|    1|          2|
    |ap_sig_allocacmp_i_1     |   9|          2|    8|         16|
    |i_fu_38                  |   9|          2|    8|         16|
    +-------------------------+----+-----------+-----+-----------+
    |Total                    |  45|         10|   82|        164|
    +-------------------------+----+-----------+-----+-----------+

    * Register: 
    +-------------------------+----+----+-----+-----------+
    |           Name          | FF | LUT| Bits| Const Bits|
    +-------------------------+----+----+-----+-----------+
    |ans_fu_34                |  64|   0|   64|          0|
    |ap_CS_fsm                |   1|   0|    1|          0|
    |ap_done_reg              |   1|   0|    1|          0|
    |ap_enable_reg_pp0_iter1  |   1|   0|    1|          0|
    |i_fu_38                  |   8|   0|    8|          0|
    +-------------------------+----+----+-----+-----------+
    |Total                    |  75|   0|   75|          0|
    +-------------------------+----+----+-----+-----------+



================================================================
== Interface
================================================================
* Summary: 
+--------------------+-----+-----+------------+------------------------------+--------------+
|      RTL Ports     | Dir | Bits|  Protocol  |         Source Object        |    C Type    |
+--------------------+-----+-----+------------+------------------------------+--------------+
|ap_clk              |   in|    1|  ap_ctrl_hs|  fir_Pipeline_VITIS_LOOP_41_2|  return value|
|ap_rst              |   in|    1|  ap_ctrl_hs|  fir_Pipeline_VITIS_LOOP_41_2|  return value|
|ap_start            |   in|    1|  ap_ctrl_hs|  fir_Pipeline_VITIS_LOOP_41_2|  return value|
|ap_done             |  out|    1|  ap_ctrl_hs|  fir_Pipeline_VITIS_LOOP_41_2|  return value|
|ap_idle             |  out|    1|  ap_ctrl_hs|  fir_Pipeline_VITIS_LOOP_41_2|  return value|
|ap_ready            |  out|    1|  ap_ctrl_hs|  fir_Pipeline_VITIS_LOOP_41_2|  return value|
|ans_out             |  out|   64|      ap_vld|                       ans_out|       pointer|
|ans_out_ap_vld      |  out|    1|      ap_vld|                       ans_out|       pointer|
|shift_reg_address0  |  out|    7|   ap_memory|                     shift_reg|         array|
|shift_reg_ce0       |  out|    1|   ap_memory|                     shift_reg|         array|
|shift_reg_q0        |   in|   64|   ap_memory|                     shift_reg|         array|
+--------------------+-----+-----+------------+------------------------------+--------------+

