

================================================================
== Vitis HLS Report for 'fir'
================================================================
* Date:           Sun Sep  6 14:53:05 2026

* Version:        2026.1 (Build 6493734 on Jun 16 2026)
* Project:        baseline
* Solution:       hls (Vitis Kernel Flow Target)
* Product family: zynquplus
* Target device:  xck26-sfvc784-2LV-c


================================================================
== Performance Estimates
================================================================
+ Timing: 
    * Summary: 
    +--------+----------+----------+------------+
    |  Clock |  Target  | Estimated| Uncertainty|
    +--------+----------+----------+------------+
    |ap_clk  |  10.00 ns|  6.340 ns|     2.70 ns|
    +--------+----------+----------+------------+

+ Latency: 
    * Summary: 
    +---------+---------+----------+----------+-----+-----+---------+
    |  Latency (cycles) |  Latency (absolute) |  Interval | Pipeline|
    |   min   |   max   |    min   |    max   | min | max |   Type  |
    +---------+---------+----------+----------+-----+-----+---------+
    |      200|      200|  2.000 us|  2.000 us|  201|  201|       no|
    +---------+---------+----------+----------+-----+-----+---------+

    + Detail: 
        * Instance: 
        +----------------------------------------+------------------------------+---------+---------+----------+----------+-----+-----+-------------------+
        |                                        |                              |  Latency (cycles) |  Latency (absolute) |  Interval |      Pipeline     |
        |                Instance                |            Module            |   min   |   max   |    min   |    max   | min | max |        Type       |
        +----------------------------------------+------------------------------+---------+---------+----------+----------+-----+-----+-------------------+
        |grp_fir_Pipeline_VITIS_LOOP_58_1_fu_76  |fir_Pipeline_VITIS_LOOP_58_1  |      129|      129|  1.290 us|  1.290 us|    0|    0|  loop pipeline stp|
        |grp_fir_Pipeline_VITIS_LOOP_69_2_fu_88  |fir_Pipeline_VITIS_LOOP_69_2  |       66|       66|  0.660 us|  0.660 us|    0|    0|  loop pipeline stp|
        +----------------------------------------+------------------------------+---------+---------+----------+----------+-----+-----+-------------------+

        * Loop: 
        N/A



================================================================
== Utilization Estimates
================================================================
* Summary: 
+-----------------+---------+------+--------+--------+-----+
|       Name      | BRAM_18K|  DSP |   FF   |   LUT  | URAM|
+-----------------+---------+------+--------+--------+-----+
|DSP              |        -|     -|       -|       -|    -|
|Expression       |        -|     -|       0|       4|    -|
|FIFO             |        -|     -|       -|       -|    -|
|Instance         |        1|     4|     176|     460|    0|
|Memory           |        8|     -|       0|       0|    0|
|Multiplexer      |        -|     -|       0|     324|    -|
|Register         |        -|     -|      44|       -|    -|
+-----------------+---------+------+--------+--------+-----+
|Total            |        9|     4|     220|     788|    0|
+-----------------+---------+------+--------+--------+-----+
|Available        |      288|  1248|  234240|  117120|   64|
+-----------------+---------+------+--------+--------+-----+
|Utilization (%)  |        3|    ~0|      ~0|      ~0|    0|
+-----------------+---------+------+--------+--------+-----+

+ Detail: 
    * Instance: 
    +----------------------------------------+------------------------------+---------+----+-----+-----+-----+
    |                Instance                |            Module            | BRAM_18K| DSP|  FF | LUT | URAM|
    +----------------------------------------+------------------------------+---------+----+-----+-----+-----+
    |control_s_axi_U                         |control_s_axi                 |        0|   0|  112|  168|    0|
    |grp_fir_Pipeline_VITIS_LOOP_58_1_fu_76  |fir_Pipeline_VITIS_LOOP_58_1  |        0|   0|   19|   86|    0|
    |grp_fir_Pipeline_VITIS_LOOP_69_2_fu_88  |fir_Pipeline_VITIS_LOOP_69_2  |        1|   4|   45|  206|    0|
    +----------------------------------------+------------------------------+---------+----+-----+-----+-----+
    |Total                                   |                              |        1|   4|  176|  460|    0|
    +----------------------------------------+------------------------------+---------+----+-----+-----+-----+

    * DSP: 
    N/A

    * Memory: 
    +---------------------------+-------------------------------------+---------+---+----+-----+------+-----+------+-------------+
    |           Memory          |                Module               | BRAM_18K| FF| LUT| URAM| Words| Bits| Banks| W*Bits*Banks|
    +---------------------------+-------------------------------------+---------+---+----+-----+------+-----+------+-------------+
    |fir_int_int_shift_reg_U    |fir_int_int_shift_reg_RAM_AUTO_1R1W  |        2|  0|   0|    0|    32|   32|     1|         1024|
    |fir_int_int_shift_reg_1_U  |fir_int_int_shift_reg_RAM_AUTO_1R1W  |        2|  0|   0|    0|    32|   32|     1|         1024|
    |fir_int_int_shift_reg_2_U  |fir_int_int_shift_reg_RAM_AUTO_1R1W  |        2|  0|   0|    0|    32|   32|     1|         1024|
    |fir_int_int_shift_reg_3_U  |fir_int_int_shift_reg_RAM_AUTO_1R1W  |        2|  0|   0|    0|    32|   32|     1|         1024|
    +---------------------------+-------------------------------------+---------+---+----+-----+------+-----+------+-------------+
    |Total                      |                                     |        8|  0|   0|    0|   128|  128|     4|         4096|
    +---------------------------+-------------------------------------+---------+---+----+-----+------+-----+------+-------------+

    * FIFO: 
    N/A

    * Expression: 
    +---------------------------+----------+----+---+----+------------+------------+
    |       Variable Name       | Operation| DSP| FF| LUT| Bitwidth P0| Bitwidth P1|
    +---------------------------+----------+----+---+----+------------+------------+
    |ap_block_state1            |        or|   0|  0|   2|           1|           1|
    |fir_int_int_shift_reg_we0  |        or|   0|  0|   2|           1|           1|
    +---------------------------+----------+----+---+----+------------+------------+
    |Total                      |          |   0|  0|   4|           2|           2|
    +---------------------------+----------+----+---+----+------------+------------+

    * Multiplexer: 
    +----------------------------------+----+-----------+-----+-----------+
    |               Name               | LUT| Input Size| Bits| Total Bits|
    +----------------------------------+----+-----------+-----+-----------+
    |ap_NS_fsm                         |  37|          7|    1|          7|
    |ap_done                           |   9|          2|    1|          2|
    |fir_int_int_shift_reg_1_address0  |  14|          3|    5|         15|
    |fir_int_int_shift_reg_1_address1  |  14|          3|    5|         15|
    |fir_int_int_shift_reg_1_ce0       |  14|          3|    1|          3|
    |fir_int_int_shift_reg_1_ce1       |  14|          3|    1|          3|
    |fir_int_int_shift_reg_1_we0       |   9|          2|    1|          2|
    |fir_int_int_shift_reg_2_address0  |  14|          3|    5|         15|
    |fir_int_int_shift_reg_2_address1  |  14|          3|    5|         15|
    |fir_int_int_shift_reg_2_ce0       |  14|          3|    1|          3|
    |fir_int_int_shift_reg_2_ce1       |  14|          3|    1|          3|
    |fir_int_int_shift_reg_2_we0       |   9|          2|    1|          2|
    |fir_int_int_shift_reg_3_address0  |  14|          3|    5|         15|
    |fir_int_int_shift_reg_3_address1  |  14|          3|    5|         15|
    |fir_int_int_shift_reg_3_ce0       |  14|          3|    1|          3|
    |fir_int_int_shift_reg_3_ce1       |  14|          3|    1|          3|
    |fir_int_int_shift_reg_3_we0       |   9|          2|    1|          2|
    |fir_int_int_shift_reg_address0    |  14|          3|    5|         15|
    |fir_int_int_shift_reg_address1    |  14|          3|    5|         15|
    |fir_int_int_shift_reg_ce0         |  14|          3|    1|          3|
    |fir_int_int_shift_reg_ce1         |  14|          3|    1|          3|
    |fir_int_int_shift_reg_d0          |   9|          2|   32|         64|
    |fir_int_int_shift_reg_we0         |   9|          2|    1|          2|
    |y                                 |   9|          2|   32|         64|
    +----------------------------------+----+-----------+-----+-----------+
    |Total                             | 324|         69|  118|        289|
    +----------------------------------+----+-----------+-----+-----------+

    * Register: 
    +-----------------------------------------------------+----+----+-----+-----------+
    |                         Name                        | FF | LUT| Bits| Const Bits|
    +-----------------------------------------------------+----+----+-----+-----------+
    |ap_CS_fsm                                            |   6|   0|    6|          0|
    |ap_done_reg                                          |   1|   0|    1|          0|
    |ap_rst_n_inv                                         |   1|   0|    1|          0|
    |ap_rst_reg_1                                         |   1|   0|    1|          0|
    |ap_rst_reg_2                                         |   1|   0|    1|          0|
    |grp_fir_Pipeline_VITIS_LOOP_58_1_fu_76_ap_start_reg  |   1|   0|    1|          0|
    |grp_fir_Pipeline_VITIS_LOOP_69_2_fu_88_ap_start_reg  |   1|   0|    1|          0|
    |y_preg                                               |  32|   0|   32|          0|
    +-----------------------------------------------------+----+----+-----+-----------+
    |Total                                                |  44|   0|   44|          0|
    +-----------------------------------------------------+----+----+-----+-----------+



================================================================
== Interface
================================================================
* Summary: 
+-----------------------+-----+-----+---------------+--------------+--------------+
|       RTL Ports       | Dir | Bits|    Protocol   | Source Object|    C Type    |
+-----------------------+-----+-----+---------------+--------------+--------------+
|s_axi_control_AWVALID  |   in|    1|          s_axi|       control|        scalar|
|s_axi_control_AWREADY  |  out|    1|          s_axi|       control|        scalar|
|s_axi_control_AWADDR   |   in|    6|          s_axi|       control|        scalar|
|s_axi_control_WVALID   |   in|    1|          s_axi|       control|        scalar|
|s_axi_control_WREADY   |  out|    1|          s_axi|       control|        scalar|
|s_axi_control_WDATA    |   in|   32|          s_axi|       control|        scalar|
|s_axi_control_WSTRB    |   in|    4|          s_axi|       control|        scalar|
|s_axi_control_ARVALID  |   in|    1|          s_axi|       control|        scalar|
|s_axi_control_ARREADY  |  out|    1|          s_axi|       control|        scalar|
|s_axi_control_ARADDR   |   in|    6|          s_axi|       control|        scalar|
|s_axi_control_RVALID   |  out|    1|          s_axi|       control|        scalar|
|s_axi_control_RREADY   |   in|    1|          s_axi|       control|        scalar|
|s_axi_control_RDATA    |  out|   32|          s_axi|       control|        scalar|
|s_axi_control_RRESP    |  out|    2|          s_axi|       control|        scalar|
|s_axi_control_BVALID   |  out|    1|          s_axi|       control|        scalar|
|s_axi_control_BREADY   |   in|    1|          s_axi|       control|        scalar|
|s_axi_control_BRESP    |  out|    2|          s_axi|       control|        scalar|
|ap_clk                 |   in|    1|  ap_ctrl_chain|           fir|  return value|
|ap_rst_n               |   in|    1|  ap_ctrl_chain|           fir|  return value|
|interrupt              |  out|    1|  ap_ctrl_chain|           fir|  return value|
+-----------------------+-----+-----+---------------+--------------+--------------+

