

================================================================
== Vitis HLS Report for 'fir'
================================================================
* Date:           Sun Sep  6 12:33:56 2026

* Version:        2026.1 (Build 6493734 on Jun 16 2026)
* Project:        baseline
* Solution:       hls (Vitis Kernel Flow Target)
* Product family: zynquplus
* Target device:  xck26-sfvc784-2LV-c


================================================================
== Performance Estimates
================================================================
+ Timing: 
    * Summary: 
    +--------+----------+----------+------------+
    |  Clock |  Target  | Estimated| Uncertainty|
    +--------+----------+----------+------------+
    |ap_clk  |  10.00 ns|  6.864 ns|     2.70 ns|
    +--------+----------+----------+------------+

+ Latency: 
    * Summary: 
    +---------+---------+-----------+-----------+-----+-----+---------+
    |  Latency (cycles) |   Latency (absolute)  |  Interval | Pipeline|
    |   min   |   max   |    min    |    max    | min | max |   Type  |
    +---------+---------+-----------+-----------+-----+-----+---------+
    |        3|        3|  30.000 ns|  30.000 ns|    1|    1|      yes|
    +---------+---------+-----------+-----------+-----+-----+---------+

    + Detail: 
        * Instance: 
        N/A

        * Loop: 
        N/A



================================================================
== Utilization Estimates
================================================================
* Summary: 
+-----------------+---------+------+--------+--------+-----+
|       Name      | BRAM_18K|  DSP |   FF   |   LUT  | URAM|
+-----------------+---------+------+--------+--------+-----+
|DSP              |        -|     -|       -|       -|    -|
|Expression       |        -|     -|       0|    4254|    -|
|FIFO             |        -|     -|       -|       -|    -|
|Instance         |        0|     -|     112|     168|    0|
|Memory           |        -|     -|       -|       -|    -|
|Multiplexer      |        -|     -|       0|      18|    -|
|Register         |        -|     -|    7109|     288|    -|
+-----------------+---------+------+--------+--------+-----+
|Total            |        0|     0|    7221|    4728|    0|
+-----------------+---------+------+--------+--------+-----+
|Available        |      288|  1248|  234240|  117120|   64|
+-----------------+---------+------+--------+--------+-----+
|Utilization (%)  |        0|     0|       3|       4|    0|
+-----------------+---------+------+--------+--------+-----+

+ Detail: 
    * Instance: 
    +-----------------+---------------+---------+----+-----+-----+-----+
    |     Instance    |     Module    | BRAM_18K| DSP|  FF | LUT | URAM|
    +-----------------+---------------+---------+----+-----+-----+-----+
    |control_s_axi_U  |control_s_axi  |        0|   0|  112|  168|    0|
    +-----------------+---------------+---------+----+-----+-----+-----+
    |Total            |               |        0|   0|  112|  168|    0|
    +-----------------+---------------+---------+----+-----+-----+-----+

    * DSP: 
    N/A

    * Memory: 
    N/A

    * FIFO: 
    N/A

    * Expression: 
    +---------------------------+----------+----+---+----+------------+------------+
    |       Variable Name       | Operation| DSP| FF| LUT| Bitwidth P0| Bitwidth P1|
    +---------------------------+----------+----+---+----+------------+------------+
    |add_ln41_1_fu_2226_p2      |         +|   0|  0|  32|          32|          32|
    |add_ln41_fu_2388_p2        |         +|   0|  0|  32|          32|          32|
    |ans_fu_2394_p2             |         +|   0|  0|  32|          32|          32|
    |tmp10_fu_1677_p2           |         +|   0|  0|  32|          32|          32|
    |tmp118_fu_2372_p2          |         +|   0|  0|  39|          32|          32|
    |tmp119_fu_1917_p2          |         +|   0|  0|  32|          32|          32|
    |tmp11_fu_1671_p2           |         +|   0|  0|  32|          32|          32|
    |tmp120_fu_1929_p2          |         +|   0|  0|  32|          32|          32|
    |tmp121_fu_1923_p2          |         +|   0|  0|  32|          32|          32|
    |tmp122_fu_2185_p2          |         +|   0|  0|  32|          32|          32|
    |tmp123_fu_1953_p2          |         +|   0|  0|  32|          32|          32|
    |tmp124_fu_1977_p2          |         +|   0|  0|  32|          32|          32|
    |tmp125_fu_2019_p2          |         +|   0|  0|  29|          29|          29|
    |tmp126_fu_2043_p2          |         +|   0|  0|  29|          29|          29|
    |tmp12_fu_1755_p2           |         +|   0|  0|  32|          32|          32|
    |tmp131_fu_1839_p2          |         +|   0|  0|  39|          32|          32|
    |tmp139_fu_1887_p2          |         +|   0|  0|  32|          32|          32|
    |tmp13_fu_1719_p2           |         +|   0|  0|  32|          32|          32|
    |tmp147_fu_1935_p2          |         +|   0|  0|  32|          32|          32|
    |tmp14_fu_1701_p2           |         +|   0|  0|  32|          32|          32|
    |tmp153_fu_2190_p2          |         +|   0|  0|  32|          32|          32|
    |tmp15_fu_1695_p2           |         +|   0|  0|  32|          32|          32|
    |tmp164_fu_1959_p2          |         +|   0|  0|  32|          32|          32|
    |tmp168_fu_1983_p2          |         +|   0|  0|  32|          32|          32|
    |tmp16_fu_1713_p2           |         +|   0|  0|  32|          32|          32|
    |tmp171_fu_2001_p2          |         +|   0|  0|  32|          32|          32|
    |tmp17_fu_1707_p2           |         +|   0|  0|  32|          32|          32|
    |tmp182_fu_2025_p2          |         +|   0|  0|  29|          29|          29|
    |tmp186_fu_2049_p2          |         +|   0|  0|  29|          29|          29|
    |tmp1891_fu_2071_p2         |         +|   0|  0|  29|          29|          29|
    |tmp18_fu_1749_p2           |         +|   0|  0|  32|          32|          32|
    |tmp19_fu_1731_p2           |         +|   0|  0|  32|          32|          32|
    |tmp1_fu_1689_p2            |         +|   0|  0|  32|          32|          32|
    |tmp20_fu_1725_p2           |         +|   0|  0|  39|          32|          32|
    |tmp21_fu_1743_p2           |         +|   0|  0|  32|          32|          32|
    |tmp22_fu_1737_p2           |         +|   0|  0|  32|          32|          32|
    |tmp23_fu_2077_p2           |         +|   0|  0|  32|          32|          32|
    |tmp24_fu_1815_p2           |         +|   0|  0|  39|          32|          32|
    |tmp25_fu_1821_p2           |         +|   0|  0|  39|          32|          32|
    |tmp26_fu_2094_p2           |         +|   0|  0|  32|          32|          32|
    |tmp27_fu_2081_p2           |         +|   0|  0|  32|          32|          32|
    |tmp28_fu_2089_p2           |         +|   0|  0|  32|          32|          32|
    |tmp29_fu_2085_p2           |         +|   0|  0|  32|          32|          32|
    |tmp2_fu_1653_p2            |         +|   0|  0|  32|          32|          32|
    |tmp30_fu_2232_p2           |         +|   0|  0|  32|          32|          32|
    |tmp31_fu_1827_p2           |         +|   0|  0|  39|          32|          32|
    |tmp32_fu_1833_p2           |         +|   0|  0|  39|          32|          32|
    |tmp33_fu_2160_p2           |         +|   0|  0|  32|          32|          32|
    |tmp34_fu_2146_p2           |         +|   0|  0|  32|          32|          32|
    |tmp35_fu_2155_p2           |         +|   0|  0|  32|          32|          32|
    |tmp36_fu_2150_p2           |         +|   0|  0|  32|          32|          32|
    |tmp37_fu_1869_p2           |         +|   0|  0|  32|          32|          32|
    |tmp38_fu_1881_p2           |         +|   0|  0|  32|          32|          32|
    |tmp39_fu_1875_p2           |         +|   0|  0|  32|          32|          32|
    |tmp3_fu_1635_p2            |         +|   0|  0|  32|          32|          32|
    |tmp4_fu_1629_p2            |         +|   0|  0|  39|          32|          32|
    |tmp5_fu_1647_p2            |         +|   0|  0|  32|          32|          32|
    |tmp61_fu_1761_p2           |         +|   0|  0|  32|          32|          32|
    |tmp6_fu_1641_p2            |         +|   0|  0|  32|          32|          32|
    |tmp77_fu_2100_p2           |         +|   0|  0|  32|          32|          32|
    |tmp7_fu_1683_p2            |         +|   0|  0|  32|          32|          32|
    |tmp8_fu_1665_p2            |         +|   0|  0|  32|          32|          32|
    |tmp93_fu_2236_p2           |         +|   0|  0|  32|          32|          32|
    |tmp9_fu_1659_p2            |         +|   0|  0|  39|          32|          32|
    |p_sub_fu_2207_p2           |         -|   0|  0|  39|          32|          32|
    |tmp100_fu_2271_p2          |         -|   0|  0|  32|          32|          32|
    |tmp101_fu_2276_p2          |         -|   0|  0|  32|          32|          32|
    |tmp102_fu_2281_p2          |         -|   0|  0|  32|          32|          32|
    |tmp103_fu_2286_p2          |         -|   0|  0|  32|          32|          32|
    |tmp104_fu_2291_p2          |         -|   0|  0|  32|          32|          32|
    |tmp105_fu_2296_p2          |         -|   0|  0|  32|          32|          32|
    |tmp106_fu_2301_p2          |         -|   0|  0|  32|          32|          32|
    |tmp107_fu_2306_p2          |         -|   0|  0|  32|          32|          32|
    |tmp108_fu_2311_p2          |         -|   0|  0|  32|          32|          32|
    |tmp109_fu_2316_p2          |         -|   0|  0|  32|          32|          32|
    |tmp110_fu_2321_p2          |         -|   0|  0|  32|          32|          32|
    |tmp111_fu_2325_p2          |         -|   0|  0|  32|          32|          32|
    |tmp112_fu_2330_p2          |         -|   0|  0|  32|          32|          32|
    |tmp113_fu_2335_p2          |         -|   0|  0|  32|          32|          32|
    |tmp114_fu_2340_p2          |         -|   0|  0|  32|          32|          32|
    |tmp115_fu_2345_p2          |         -|   0|  0|  32|          32|          32|
    |tmp116_fu_2350_p2          |         -|   0|  0|  32|          32|          32|
    |tmp117_fu_2355_p2          |         -|   0|  0|  32|          32|          32|
    |tmp132_fu_1845_p2          |         -|   0|  0|  32|          32|          32|
    |tmp133_fu_1851_p2          |         -|   0|  0|  32|          32|          32|
    |tmp134_fu_1857_p2          |         -|   0|  0|  32|          32|          32|
    |tmp135_fu_1863_p2          |         -|   0|  0|  32|          32|          32|
    |tmp140_fu_1893_p2          |         -|   0|  0|  32|          32|          32|
    |tmp141_fu_1899_p2          |         -|   0|  0|  32|          32|          32|
    |tmp142_fu_1905_p2          |         -|   0|  0|  32|          32|          32|
    |tmp143_fu_1911_p2          |         -|   0|  0|  32|          32|          32|
    |tmp148_fu_2166_p2          |         -|   0|  0|  32|          32|          32|
    |tmp149_fu_2170_p2          |         -|   0|  0|  32|          32|          32|
    |tmp150_fu_2175_p2          |         -|   0|  0|  32|          32|          32|
    |tmp151_fu_2180_p2          |         -|   0|  0|  32|          32|          32|
    |tmp154_fu_2213_p2          |         -|   0|  0|  32|          32|          32|
    |tmp161_fu_1941_p2          |         -|   0|  0|  39|          32|          32|
    |tmp162_fu_1947_p2          |         -|   0|  0|  32|          32|          32|
    |tmp165_fu_1965_p2          |         -|   0|  0|  32|          32|          32|
    |tmp166_fu_1971_p2          |         -|   0|  0|  32|          32|          32|
    |tmp169_fu_1989_p2          |         -|   0|  0|  32|          32|          32|
    |tmp170_fu_1995_p2          |         -|   0|  0|  32|          32|          32|
    |tmp172_fu_2383_p2          |         -|   0|  0|  39|          32|          32|
    |tmp179_fu_2007_p2          |         -|   0|  0|  36|          29|          29|
    |tmp180_fu_2013_p2          |         -|   0|  0|  29|          29|          29|
    |tmp183_fu_2031_p2          |         -|   0|  0|  29|          29|          29|
    |tmp184_fu_2037_p2          |         -|   0|  0|  29|          29|          29|
    |tmp187_fu_2055_p2          |         -|   0|  0|  29|          29|          29|
    |tmp188_fu_2061_p2          |         -|   0|  0|  29|          29|          29|
    |tmp62_fu_1767_p2           |         -|   0|  0|  32|          32|          32|
    |tmp63_fu_1773_p2           |         -|   0|  0|  32|          32|          32|
    |tmp64_fu_1779_p2           |         -|   0|  0|  32|          32|          32|
    |tmp65_fu_1785_p2           |         -|   0|  0|  32|          32|          32|
    |tmp66_fu_1791_p2           |         -|   0|  0|  32|          32|          32|
    |tmp67_fu_1797_p2           |         -|   0|  0|  32|          32|          32|
    |tmp68_fu_1803_p2           |         -|   0|  0|  32|          32|          32|
    |tmp69_fu_1809_p2           |         -|   0|  0|  32|          32|          32|
    |tmp78_fu_2106_p2           |         -|   0|  0|  32|          32|          32|
    |tmp79_fu_2111_p2           |         -|   0|  0|  32|          32|          32|
    |tmp80_fu_2116_p2           |         -|   0|  0|  32|          32|          32|
    |tmp81_fu_2121_p2           |         -|   0|  0|  32|          32|          32|
    |tmp82_fu_2126_p2           |         -|   0|  0|  32|          32|          32|
    |tmp83_fu_2131_p2           |         -|   0|  0|  32|          32|          32|
    |tmp84_fu_2136_p2           |         -|   0|  0|  32|          32|          32|
    |tmp85_fu_2141_p2           |         -|   0|  0|  32|          32|          32|
    |tmp94_fu_2241_p2           |         -|   0|  0|  32|          32|          32|
    |tmp95_fu_2246_p2           |         -|   0|  0|  32|          32|          32|
    |tmp96_fu_2251_p2           |         -|   0|  0|  32|          32|          32|
    |tmp97_fu_2256_p2           |         -|   0|  0|  32|          32|          32|
    |tmp98_fu_2261_p2           |         -|   0|  0|  32|          32|          32|
    |tmp99_fu_2266_p2           |         -|   0|  0|  32|          32|          32|
    |ap_block_pp0_stage0_01001  |        or|   0|  0|   2|           1|           1|
    |ap_enable_pp0              |       xor|   0|  0|   2|           1|           2|
    +---------------------------+----------+----+---+----+------------+------------+
    |Total                      |          |   0|  0|4254|        4161|        4162|
    +---------------------------+----------+----+---+----+------------+------------+

    * Multiplexer: 
    +---------+----+-----------+-----+-----------+
    |   Name  | LUT| Input Size| Bits| Total Bits|
    +---------+----+-----------+-----+-----------+
    |ap_done  |   9|          2|    1|          2|
    |y        |   9|          2|   32|         64|
    +---------+----+-----------+-----+-----------+
    |Total    |  18|          4|   33|         66|
    +---------+----+-----------+-----+-----------+

    * Register: 
    +-------------------------------------------------------+----+----+-----+-----------+
    |                          Name                         | FF | LUT| Bits| Const Bits|
    +-------------------------------------------------------+----+----+-----+-----------+
    |add_ln41_1_reg_2676                                    |  32|   0|   32|          0|
    |add_ln41_1_reg_2676_pp0_iter2_reg                      |  32|   0|   32|          0|
    |ap_CS_fsm                                              |   1|   0|    1|          0|
    |ap_done_reg                                            |   1|   0|    1|          0|
    |ap_enable_reg_pp0_iter1                                |   1|   0|    1|          0|
    |ap_enable_reg_pp0_iter2                                |   1|   0|    1|          0|
    |ap_enable_reg_pp0_iter3                                |   1|   0|    1|          0|
    |ap_rst_n_inv                                           |   1|   0|    1|          0|
    |ap_rst_reg_1                                           |   1|   0|    1|          0|
    |ap_rst_reg_2                                           |   1|   0|    1|          0|
    |fir_int_int_shift_reg                                  |  32|   0|   32|          0|
    |fir_int_int_shift_reg_1                                |  32|   0|   32|          0|
    |fir_int_int_shift_reg_18_reg_2400                      |  32|   0|   32|          0|
    |fir_int_int_shift_reg_19_reg_2405                      |  32|   0|   32|          0|
    |fir_int_int_shift_reg_1_load_reg_2620                  |  32|   0|   32|          0|
    |fir_int_int_shift_reg_2                                |  32|   0|   32|          0|
    |fir_int_int_shift_reg_20_reg_2410                      |  32|   0|   32|          0|
    |fir_int_int_shift_reg_21_reg_2415                      |  32|   0|   32|          0|
    |fir_int_int_shift_reg_25_reg_2420                      |  32|   0|   32|          0|
    |fir_int_int_shift_reg_26_reg_2425                      |  32|   0|   32|          0|
    |fir_int_int_shift_reg_27_reg_2430                      |  32|   0|   32|          0|
    |fir_int_int_shift_reg_3                                |  32|   0|   32|          0|
    |fir_int_int_shift_reg_35_reg_2460                      |  32|   0|   32|          0|
    |fir_int_int_shift_reg_36_reg_2465                      |  32|   0|   32|          0|
    |fir_int_int_shift_reg_37_reg_2470                      |  32|   0|   32|          0|
    |fir_int_int_shift_reg_4                                |  32|   0|   32|          0|
    |fir_int_int_shift_reg_40_reg_2480                      |  32|   0|   32|          0|
    |fir_int_int_shift_reg_41_reg_2485                      |  32|   0|   32|          0|
    |fir_int_int_shift_reg_42_reg_2490                      |  32|   0|   32|          0|
    |fir_int_int_shift_reg_42_reg_2490_pp0_iter1_reg        |  32|   0|   32|          0|
    |fir_int_int_shift_reg_43_reg_2520                      |  32|   0|   32|          0|
    |fir_int_int_shift_reg_43_reg_2520_pp0_iter1_reg        |  32|   0|   32|          0|
    |fir_int_int_shift_reg_44_reg_2525                      |  32|   0|   32|          0|
    |fir_int_int_shift_reg_44_reg_2525_pp0_iter1_reg        |  32|   0|   32|          0|
    |fir_int_int_shift_reg_45_reg_2530                      |  32|   0|   32|          0|
    |fir_int_int_shift_reg_45_reg_2530_pp0_iter1_reg        |  32|   0|   32|          0|
    |fir_int_int_shift_reg_46_reg_2535                      |  32|   0|   32|          0|
    |fir_int_int_shift_reg_46_reg_2535_pp0_iter1_reg        |  32|   0|   32|          0|
    |fir_int_int_shift_reg_47_reg_2540                      |  32|   0|   32|          0|
    |fir_int_int_shift_reg_47_reg_2540_pp0_iter1_reg        |  32|   0|   32|          0|
    |fir_int_int_shift_reg_48_reg_2570                      |  32|   0|   32|          0|
    |fir_int_int_shift_reg_49_reg_2575                      |  32|   0|   32|          0|
    |fir_int_int_shift_reg_5                                |  32|   0|   32|          0|
    |fir_int_int_shift_reg_50_reg_2580                      |  32|   0|   32|          0|
    |fir_int_int_shift_reg_51_reg_2585                      |  32|   0|   32|          0|
    |fir_int_int_shift_reg_52_reg_2590                      |  32|   0|   32|          0|
    |fir_int_int_shift_reg_6                                |  32|   0|   32|          0|
    |fir_int_int_shift_reg_6_load_reg_2615                  |  32|   0|   32|          0|
    |fir_int_int_shift_reg_7                                |  32|   0|   32|          0|
    |fir_int_int_shift_reg_7_load_reg_2610                  |  32|   0|   32|          0|
    |fir_int_int_shift_reg_8                                |  32|   0|   32|          0|
    |fir_int_int_shift_reg_8_load_reg_2605                  |  32|   0|   32|          0|
    |fir_int_int_shift_reg_9                                |  32|   0|   32|          0|
    |fir_int_int_shift_reg_9_load_reg_2600                  |  32|   0|   32|          0|
    |fir_int_int_shift_reg_load_reg_2625                    |  32|   0|   32|          0|
    |p_ZZ3firPiiE9shift_reg_10                              |  32|   0|   32|          0|
    |p_ZZ3firPiiE9shift_reg_100                             |  32|   0|   32|          0|
    |p_ZZ3firPiiE9shift_reg_101                             |  32|   0|   32|          0|
    |p_ZZ3firPiiE9shift_reg_102                             |  32|   0|   32|          0|
    |p_ZZ3firPiiE9shift_reg_103                             |  32|   0|   32|          0|
    |p_ZZ3firPiiE9shift_reg_104                             |  32|   0|   32|          0|
    |p_ZZ3firPiiE9shift_reg_105                             |  32|   0|   32|          0|
    |p_ZZ3firPiiE9shift_reg_106                             |  32|   0|   32|          0|
    |p_ZZ3firPiiE9shift_reg_107                             |  32|   0|   32|          0|
    |p_ZZ3firPiiE9shift_reg_108                             |  32|   0|   32|          0|
    |p_ZZ3firPiiE9shift_reg_109                             |  32|   0|   32|          0|
    |p_ZZ3firPiiE9shift_reg_10_load_reg_2595                |  32|   0|   32|          0|
    |p_ZZ3firPiiE9shift_reg_11                              |  32|   0|   32|          0|
    |p_ZZ3firPiiE9shift_reg_110                             |  32|   0|   32|          0|
    |p_ZZ3firPiiE9shift_reg_111                             |  32|   0|   32|          0|
    |p_ZZ3firPiiE9shift_reg_112                             |  32|   0|   32|          0|
    |p_ZZ3firPiiE9shift_reg_113                             |  32|   0|   32|          0|
    |p_ZZ3firPiiE9shift_reg_114                             |  32|   0|   32|          0|
    |p_ZZ3firPiiE9shift_reg_115                             |  32|   0|   32|          0|
    |p_ZZ3firPiiE9shift_reg_116                             |  32|   0|   32|          0|
    |p_ZZ3firPiiE9shift_reg_117                             |  32|   0|   32|          0|
    |p_ZZ3firPiiE9shift_reg_118                             |  32|   0|   32|          0|
    |p_ZZ3firPiiE9shift_reg_119                             |  32|   0|   32|          0|
    |p_ZZ3firPiiE9shift_reg_12                              |  32|   0|   32|          0|
    |p_ZZ3firPiiE9shift_reg_120                             |  32|   0|   32|          0|
    |p_ZZ3firPiiE9shift_reg_121                             |  32|   0|   32|          0|
    |p_ZZ3firPiiE9shift_reg_122                             |  32|   0|   32|          0|
    |p_ZZ3firPiiE9shift_reg_123                             |  32|   0|   32|          0|
    |p_ZZ3firPiiE9shift_reg_124                             |  32|   0|   32|          0|
    |p_ZZ3firPiiE9shift_reg_125                             |  32|   0|   32|          0|
    |p_ZZ3firPiiE9shift_reg_126                             |  32|   0|   32|          0|
    |p_ZZ3firPiiE9shift_reg_13                              |  32|   0|   32|          0|
    |p_ZZ3firPiiE9shift_reg_14                              |  32|   0|   32|          0|
    |p_ZZ3firPiiE9shift_reg_15                              |  32|   0|   32|          0|
    |p_ZZ3firPiiE9shift_reg_16                              |  32|   0|   32|          0|
    |p_ZZ3firPiiE9shift_reg_16_load_reg_2565                |  32|   0|   32|          0|
    |p_ZZ3firPiiE9shift_reg_16_load_reg_2565_pp0_iter1_reg  |  32|   0|   32|          0|
    |p_ZZ3firPiiE9shift_reg_17                              |  32|   0|   32|          0|
    |p_ZZ3firPiiE9shift_reg_17_load_reg_2560                |  32|   0|   32|          0|
    |p_ZZ3firPiiE9shift_reg_17_load_reg_2560_pp0_iter1_reg  |  32|   0|   32|          0|
    |p_ZZ3firPiiE9shift_reg_18                              |  32|   0|   32|          0|
    |p_ZZ3firPiiE9shift_reg_18_load_reg_2555                |  32|   0|   32|          0|
    |p_ZZ3firPiiE9shift_reg_18_load_reg_2555_pp0_iter1_reg  |  32|   0|   32|          0|
    |p_ZZ3firPiiE9shift_reg_19                              |  32|   0|   32|          0|
    |p_ZZ3firPiiE9shift_reg_19_load_reg_2550                |  32|   0|   32|          0|
    |p_ZZ3firPiiE9shift_reg_19_load_reg_2550_pp0_iter1_reg  |  32|   0|   32|          0|
    |p_ZZ3firPiiE9shift_reg_20                              |  32|   0|   32|          0|
    |p_ZZ3firPiiE9shift_reg_20_load_reg_2545                |  32|   0|   32|          0|
    |p_ZZ3firPiiE9shift_reg_20_load_reg_2545_pp0_iter1_reg  |  32|   0|   32|          0|
    |p_ZZ3firPiiE9shift_reg_21                              |  32|   0|   32|          0|
    |p_ZZ3firPiiE9shift_reg_22                              |  32|   0|   32|          0|
    |p_ZZ3firPiiE9shift_reg_23                              |  32|   0|   32|          0|
    |p_ZZ3firPiiE9shift_reg_24                              |  32|   0|   32|          0|
    |p_ZZ3firPiiE9shift_reg_25                              |  32|   0|   32|          0|
    |p_ZZ3firPiiE9shift_reg_26                              |  32|   0|   32|          0|
    |p_ZZ3firPiiE9shift_reg_26_load_reg_2515                |  32|   0|   32|          0|
    |p_ZZ3firPiiE9shift_reg_26_load_reg_2515_pp0_iter1_reg  |  32|   0|   32|          0|
    |p_ZZ3firPiiE9shift_reg_27                              |  32|   0|   32|          0|
    |p_ZZ3firPiiE9shift_reg_27_load_reg_2510                |  32|   0|   32|          0|
    |p_ZZ3firPiiE9shift_reg_27_load_reg_2510_pp0_iter1_reg  |  32|   0|   32|          0|
    |p_ZZ3firPiiE9shift_reg_28                              |  32|   0|   32|          0|
    |p_ZZ3firPiiE9shift_reg_28_load_reg_2505                |  32|   0|   32|          0|
    |p_ZZ3firPiiE9shift_reg_28_load_reg_2505_pp0_iter1_reg  |  32|   0|   32|          0|
    |p_ZZ3firPiiE9shift_reg_29                              |  32|   0|   32|          0|
    |p_ZZ3firPiiE9shift_reg_29_load_reg_2500                |  32|   0|   32|          0|
    |p_ZZ3firPiiE9shift_reg_29_load_reg_2500_pp0_iter1_reg  |  32|   0|   32|          0|
    |p_ZZ3firPiiE9shift_reg_30                              |  32|   0|   32|          0|
    |p_ZZ3firPiiE9shift_reg_30_load_reg_2495                |  32|   0|   32|          0|
    |p_ZZ3firPiiE9shift_reg_30_load_reg_2495_pp0_iter1_reg  |  32|   0|   32|          0|
    |p_ZZ3firPiiE9shift_reg_31                              |  32|   0|   32|          0|
    |p_ZZ3firPiiE9shift_reg_32                              |  32|   0|   32|          0|
    |p_ZZ3firPiiE9shift_reg_33                              |  32|   0|   32|          0|
    |p_ZZ3firPiiE9shift_reg_34                              |  32|   0|   32|          0|
    |p_ZZ3firPiiE9shift_reg_35                              |  32|   0|   32|          0|
    |p_ZZ3firPiiE9shift_reg_36                              |  32|   0|   32|          0|
    |p_ZZ3firPiiE9shift_reg_37                              |  32|   0|   32|          0|
    |p_ZZ3firPiiE9shift_reg_38                              |  32|   0|   32|          0|
    |p_ZZ3firPiiE9shift_reg_39                              |  32|   0|   32|          0|
    |p_ZZ3firPiiE9shift_reg_40                              |  32|   0|   32|          0|
    |p_ZZ3firPiiE9shift_reg_40_load_reg_2475                |  32|   0|   32|          0|
    |p_ZZ3firPiiE9shift_reg_41                              |  32|   0|   32|          0|
    |p_ZZ3firPiiE9shift_reg_42                              |  32|   0|   32|          0|
    |p_ZZ3firPiiE9shift_reg_43                              |  32|   0|   32|          0|
    |p_ZZ3firPiiE9shift_reg_44                              |  32|   0|   32|          0|
    |p_ZZ3firPiiE9shift_reg_45                              |  32|   0|   32|          0|
    |p_ZZ3firPiiE9shift_reg_46                              |  32|   0|   32|          0|
    |p_ZZ3firPiiE9shift_reg_47                              |  32|   0|   32|          0|
    |p_ZZ3firPiiE9shift_reg_48                              |  32|   0|   32|          0|
    |p_ZZ3firPiiE9shift_reg_49                              |  32|   0|   32|          0|
    |p_ZZ3firPiiE9shift_reg_50                              |  32|   0|   32|          0|
    |p_ZZ3firPiiE9shift_reg_51                              |  32|   0|   32|          0|
    |p_ZZ3firPiiE9shift_reg_52                              |  32|   0|   32|          0|
    |p_ZZ3firPiiE9shift_reg_53                              |  32|   0|   32|          0|
    |p_ZZ3firPiiE9shift_reg_54                              |  32|   0|   32|          0|
    |p_ZZ3firPiiE9shift_reg_55                              |  32|   0|   32|          0|
    |p_ZZ3firPiiE9shift_reg_56                              |  32|   0|   32|          0|
    |p_ZZ3firPiiE9shift_reg_56_load_reg_2455                |  32|   0|   32|          0|
    |p_ZZ3firPiiE9shift_reg_57                              |  32|   0|   32|          0|
    |p_ZZ3firPiiE9shift_reg_57_load_reg_2450                |  32|   0|   32|          0|
    |p_ZZ3firPiiE9shift_reg_58                              |  32|   0|   32|          0|
    |p_ZZ3firPiiE9shift_reg_58_load_reg_2445                |  32|   0|   32|          0|
    |p_ZZ3firPiiE9shift_reg_59                              |  32|   0|   32|          0|
    |p_ZZ3firPiiE9shift_reg_59_load_reg_2440                |  32|   0|   32|          0|
    |p_ZZ3firPiiE9shift_reg_60                              |  32|   0|   32|          0|
    |p_ZZ3firPiiE9shift_reg_60_load_reg_2435                |  32|   0|   32|          0|
    |p_ZZ3firPiiE9shift_reg_61                              |  32|   0|   32|          0|
    |p_ZZ3firPiiE9shift_reg_62                              |  32|   0|   32|          0|
    |p_ZZ3firPiiE9shift_reg_63                              |  32|   0|   32|          0|
    |p_ZZ3firPiiE9shift_reg_64                              |  32|   0|   32|          0|
    |p_ZZ3firPiiE9shift_reg_65                              |  32|   0|   32|          0|
    |p_ZZ3firPiiE9shift_reg_66                              |  32|   0|   32|          0|
    |p_ZZ3firPiiE9shift_reg_67                              |  32|   0|   32|          0|
    |p_ZZ3firPiiE9shift_reg_68                              |  32|   0|   32|          0|
    |p_ZZ3firPiiE9shift_reg_69                              |  32|   0|   32|          0|
    |p_ZZ3firPiiE9shift_reg_70                              |  32|   0|   32|          0|
    |p_ZZ3firPiiE9shift_reg_71                              |  32|   0|   32|          0|
    |p_ZZ3firPiiE9shift_reg_72                              |  32|   0|   32|          0|
    |p_ZZ3firPiiE9shift_reg_73                              |  32|   0|   32|          0|
    |p_ZZ3firPiiE9shift_reg_74                              |  32|   0|   32|          0|
    |p_ZZ3firPiiE9shift_reg_75                              |  32|   0|   32|          0|
    |p_ZZ3firPiiE9shift_reg_76                              |  32|   0|   32|          0|
    |p_ZZ3firPiiE9shift_reg_77                              |  32|   0|   32|          0|
    |p_ZZ3firPiiE9shift_reg_78                              |  32|   0|   32|          0|
    |p_ZZ3firPiiE9shift_reg_79                              |  32|   0|   32|          0|
    |p_ZZ3firPiiE9shift_reg_80                              |  32|   0|   32|          0|
    |p_ZZ3firPiiE9shift_reg_81                              |  32|   0|   32|          0|
    |p_ZZ3firPiiE9shift_reg_82                              |  32|   0|   32|          0|
    |p_ZZ3firPiiE9shift_reg_83                              |  32|   0|   32|          0|
    |p_ZZ3firPiiE9shift_reg_84                              |  32|   0|   32|          0|
    |p_ZZ3firPiiE9shift_reg_85                              |  32|   0|   32|          0|
    |p_ZZ3firPiiE9shift_reg_86                              |  32|   0|   32|          0|
    |p_ZZ3firPiiE9shift_reg_87                              |  32|   0|   32|          0|
    |p_ZZ3firPiiE9shift_reg_88                              |  32|   0|   32|          0|
    |p_ZZ3firPiiE9shift_reg_89                              |  32|   0|   32|          0|
    |p_ZZ3firPiiE9shift_reg_90                              |  32|   0|   32|          0|
    |p_ZZ3firPiiE9shift_reg_91                              |  32|   0|   32|          0|
    |p_ZZ3firPiiE9shift_reg_92                              |  32|   0|   32|          0|
    |p_ZZ3firPiiE9shift_reg_93                              |  32|   0|   32|          0|
    |p_ZZ3firPiiE9shift_reg_94                              |  32|   0|   32|          0|
    |p_ZZ3firPiiE9shift_reg_95                              |  32|   0|   32|          0|
    |p_ZZ3firPiiE9shift_reg_96                              |  32|   0|   32|          0|
    |p_ZZ3firPiiE9shift_reg_97                              |  32|   0|   32|          0|
    |p_ZZ3firPiiE9shift_reg_98                              |  32|   0|   32|          0|
    |p_ZZ3firPiiE9shift_reg_99                              |  32|   0|   32|          0|
    |tmp109_reg_2681                                        |  32|   0|   32|          0|
    |tmp147_reg_2655                                        |  32|   0|   32|          0|
    |tmp171_reg_2660                                        |  32|   0|   32|          0|
    |tmp1891_reg_2666                                       |  29|   0|   29|          0|
    |tmp24_reg_2635                                         |  32|   0|   32|          0|
    |tmp25_reg_2640                                         |  32|   0|   32|          0|
    |tmp31_reg_2645                                         |  32|   0|   32|          0|
    |tmp31_reg_2645_pp0_iter1_reg                           |  32|   0|   32|          0|
    |tmp32_reg_2650                                         |  32|   0|   32|          0|
    |tmp32_reg_2650_pp0_iter1_reg                           |  32|   0|   32|          0|
    |tmp33_reg_2671                                         |  32|   0|   32|          0|
    |tmp69_reg_2630                                         |  32|   0|   32|          0|
    |y_preg                                                 |  32|   0|   32|          0|
    |fir_int_int_shift_reg_48_reg_2570                      |  64|  32|   32|          0|
    |fir_int_int_shift_reg_49_reg_2575                      |  64|  32|   32|          0|
    |fir_int_int_shift_reg_50_reg_2580                      |  64|  32|   32|          0|
    |fir_int_int_shift_reg_51_reg_2585                      |  64|  32|   32|          0|
    |fir_int_int_shift_reg_52_reg_2590                      |  64|  32|   32|          0|
    |fir_int_int_shift_reg_8_load_reg_2605                  |  64|  32|   32|          0|
    |fir_int_int_shift_reg_9_load_reg_2600                  |  64|  32|   32|          0|
    |p_ZZ3firPiiE9shift_reg_10_load_reg_2595                |  64|  32|   32|          0|
    |tmp171_reg_2660                                        |  64|  32|   32|          0|
    +-------------------------------------------------------+----+----+-----+-----------+
    |Total                                                  |7109| 288| 6821|          0|
    +-------------------------------------------------------+----+----+-----+-----------+



================================================================
== Interface
================================================================
* Summary: 
+-----------------------+-----+-----+---------------+--------------+--------------+
|       RTL Ports       | Dir | Bits|    Protocol   | Source Object|    C Type    |
+-----------------------+-----+-----+---------------+--------------+--------------+
|s_axi_control_AWVALID  |   in|    1|          s_axi|       control|        scalar|
|s_axi_control_AWREADY  |  out|    1|          s_axi|       control|        scalar|
|s_axi_control_AWADDR   |   in|    6|          s_axi|       control|        scalar|
|s_axi_control_WVALID   |   in|    1|          s_axi|       control|        scalar|
|s_axi_control_WREADY   |  out|    1|          s_axi|       control|        scalar|
|s_axi_control_WDATA    |   in|   32|          s_axi|       control|        scalar|
|s_axi_control_WSTRB    |   in|    4|          s_axi|       control|        scalar|
|s_axi_control_ARVALID  |   in|    1|          s_axi|       control|        scalar|
|s_axi_control_ARREADY  |  out|    1|          s_axi|       control|        scalar|
|s_axi_control_ARADDR   |   in|    6|          s_axi|       control|        scalar|
|s_axi_control_RVALID   |  out|    1|          s_axi|       control|        scalar|
|s_axi_control_RREADY   |   in|    1|          s_axi|       control|        scalar|
|s_axi_control_RDATA    |  out|   32|          s_axi|       control|        scalar|
|s_axi_control_RRESP    |  out|    2|          s_axi|       control|        scalar|
|s_axi_control_BVALID   |  out|    1|          s_axi|       control|        scalar|
|s_axi_control_BREADY   |   in|    1|          s_axi|       control|        scalar|
|s_axi_control_BRESP    |  out|    2|          s_axi|       control|        scalar|
|ap_clk                 |   in|    1|  ap_ctrl_chain|           fir|  return value|
|ap_rst_n               |   in|    1|  ap_ctrl_chain|           fir|  return value|
|interrupt              |  out|    1|  ap_ctrl_chain|           fir|  return value|
+-----------------------+-----+-----+---------------+--------------+--------------+

