

================================================================
== Vitis HLS Report for 'fir_Pipeline_VITIS_LOOP_69_2'
================================================================
* Date:           Sun Sep  6 14:28:58 2026

* Version:        2026.1 (Build 6493734 on Jun 16 2026)
* Project:        baseline
* Solution:       hls (Vitis Kernel Flow Target)
* Product family: zynquplus
* Target device:  xck26-sfvc784-2LV-c


================================================================
== Performance Estimates
================================================================
+ Timing: 
    * Summary: 
    +--------+----------+----------+------------+
    |  Clock |  Target  | Estimated| Uncertainty|
    +--------+----------+----------+------------+
    |ap_clk  |  10.00 ns|  6.929 ns|     2.70 ns|
    +--------+----------+----------+------------+

+ Latency: 
    * Summary: 
    +---------+---------+----------+----------+-----+-----+-------------------+
    |  Latency (cycles) |  Latency (absolute) |  Interval |      Pipeline     |
    |   min   |   max   |    min   |    max   | min | max |        Type       |
    +---------+---------+----------+----------+-----+-----+-------------------+
    |       67|       67|  0.670 us|  0.670 us|    0|    0|  loop pipeline stp|
    +---------+---------+----------+----------+-----+-----+-------------------+

    + Detail: 
        * Instance: 
        N/A

        * Loop: 
        +-------------------+---------+---------+----------+-----------+-----------+------+----------+
        |                   |  Latency (cycles) | Iteration|  Initiation Interval  | Trip |          |
        |     Loop Name     |   min   |   max   |  Latency |  achieved |   target  | Count| Pipelined|
        +-------------------+---------+---------+----------+-----------+-----------+------+----------+
        |- VITIS_LOOP_69_2  |       65|       65|         4|          2|        N/A|    32|       yes|
        +-------------------+---------+---------+----------+-----------+-----------+------+----------+



================================================================
== Utilization Estimates
================================================================
* Summary: 
+-----------------+---------+------+--------+--------+-----+
|       Name      | BRAM_18K|  DSP |   FF   |   LUT  | URAM|
+-----------------+---------+------+--------+--------+-----+
|DSP              |        -|     -|       -|       -|    -|
|Expression       |        -|     -|       0|     159|    -|
|FIFO             |        -|     -|       -|       -|    -|
|Instance         |        -|     4|       0|     120|    -|
|Memory           |        1|     -|       0|       0|    -|
|Multiplexer      |        -|     -|       0|     264|    -|
|Register         |        -|     -|     120|       -|    -|
+-----------------+---------+------+--------+--------+-----+
|Total            |        1|     4|     120|     543|    0|
+-----------------+---------+------+--------+--------+-----+
|Available        |      288|  1248|  234240|  117120|   64|
+-----------------+---------+------+--------+--------+-----+
|Utilization (%)  |       ~0|    ~0|      ~0|      ~0|    0|
+-----------------+---------+------+--------+--------+-----+

+ Detail: 
    * Instance: 
    +--------------------------+----------------------+---------+----+---+----+-----+
    |         Instance         |        Module        | BRAM_18K| DSP| FF| LUT| URAM|
    +--------------------------+----------------------+---------+----+---+----+-----+
    |mul_6s_32s_32_1_1_U10     |mul_6s_32s_32_1_1     |        0|   2|  0|  20|    0|
    |mul_6s_32s_32_1_1_U11     |mul_6s_32s_32_1_1     |        0|   2|  0|  20|    0|
    |sparsemux_9_2_32_1_1_U12  |sparsemux_9_2_32_1_1  |        0|   0|  0|  20|    0|
    |sparsemux_9_2_32_1_1_U13  |sparsemux_9_2_32_1_1  |        0|   0|  0|  20|    0|
    |sparsemux_9_2_32_1_1_U14  |sparsemux_9_2_32_1_1  |        0|   0|  0|  20|    0|
    |sparsemux_9_2_32_1_1_U15  |sparsemux_9_2_32_1_1  |        0|   0|  0|  20|    0|
    +--------------------------+----------------------+---------+----+---+----+-----+
    |Total                     |                      |        0|   4|  0| 120|    0|
    +--------------------------+----------------------+---------+----+---+----+-----+

    * DSP: 
    N/A

    * Memory: 
    +----------------------+-------------------------------------------------------------+---------+---+----+-----+------+-----+------+-------------+
    |        Memory        |                            Module                           | BRAM_18K| FF| LUT| URAM| Words| Bits| Banks| W*Bits*Banks|
    +----------------------+-------------------------------------------------------------+---------+---+----+-----+------+-----+------+-------------+
    |p_const_Z3firPii_h_U  |fir_Pipeline_VITIS_LOOP_69_2_p_const_Z3firPii_h_ROM_AUTO_1R  |        1|  0|   0|    0|   128|   32|     1|         4096|
    +----------------------+-------------------------------------------------------------+---------+---+----+-----+------+-----+------+-------------+
    |Total                 |                                                             |        1|  0|   0|    0|   128|   32|     1|         4096|
    +----------------------+-------------------------------------------------------------+---------+---+----+-----+------+-----+------+-------------+

    * FIFO: 
    N/A

    * Expression: 
    +----------------------+----------+----+---+----+------------+------------+
    |     Variable Name    | Operation| DSP| FF| LUT| Bitwidth P0| Bitwidth P1|
    +----------------------+----------+----+---+----+------------+------------+
    |add_ln69_fu_542_p2    |         +|   0|  0|  15|           8|           3|
    |add_ln72_1_fu_603_p2  |         +|   0|  0|  39|          32|          32|
    |add_ln72_2_fu_609_p2  |         +|   0|  0|  32|          32|          32|
    |add_ln72_fu_536_p2    |         +|   0|  0|  39|          32|          32|
    |ans_1_fu_614_p2       |         +|   0|  0|  32|          32|          32|
    |ap_enable_pp0         |       xor|   0|  0|   2|           1|           2|
    +----------------------+----------+----+---+----+------------+------------+
    |Total                 |          |   0|  0| 159|         137|         133|
    +----------------------+----------+----+---+----+------------+------------+

    * Multiplexer: 
    +----------------------------------------+----+-----------+-----+-----------+
    |                  Name                  | LUT| Input Size| Bits| Total Bits|
    +----------------------------------------+----+-----------+-----+-----------+
    |ans_fu_82                               |   9|          2|   32|         64|
    |ap_NS_fsm                               |  14|          3|    1|          3|
    |ap_done_int                             |   9|          2|    1|          2|
    |ap_enable_reg_pp0_iter0                 |   9|          2|    1|          2|
    |ap_enable_reg_pp0_iter1                 |   9|          2|    1|          2|
    |ap_sig_allocacmp_i_1                    |   9|          2|    8|         16|
    |fir_int_int_shift_reg_1_address0_local  |  14|          3|    5|         15|
    |fir_int_int_shift_reg_1_address1_local  |  14|          3|    5|         15|
    |fir_int_int_shift_reg_2_address0_local  |  14|          3|    5|         15|
    |fir_int_int_shift_reg_2_address1_local  |  14|          3|    5|         15|
    |fir_int_int_shift_reg_3_address0_local  |  14|          3|    5|         15|
    |fir_int_int_shift_reg_3_address1_local  |  14|          3|    5|         15|
    |fir_int_int_shift_reg_address0_local    |  14|          3|    5|         15|
    |fir_int_int_shift_reg_address1_local    |  14|          3|    5|         15|
    |grp_fu_302_p0                           |  14|          3|    6|         18|
    |grp_fu_302_p1                           |  14|          3|   32|         96|
    |grp_fu_307_p0                           |  14|          3|    6|         18|
    |grp_fu_307_p1                           |  14|          3|   32|         96|
    |i_fu_86                                 |   9|          2|    8|         16|
    |p_const_Z3firPii_h_address0_local       |  14|          3|    7|         21|
    |p_const_Z3firPii_h_address1_local       |  14|          3|    7|         21|
    +----------------------------------------+----+-----------+-----+-----------+
    |Total                                   | 264|         57|  182|        495|
    +----------------------------------------+----+-----------+-----+-----------+

    * Register: 
    +-----------------------------+----+----+-----+-----------+
    |             Name            | FF | LUT| Bits| Const Bits|
    +-----------------------------+----+----+-----+-----------+
    |add_ln72_reg_761             |  32|   0|   32|          0|
    |ans_1_reg_766                |  32|   0|   32|          0|
    |ans_fu_82                    |  32|   0|   32|          0|
    |ap_CS_fsm                    |   2|   0|    2|          0|
    |ap_done_reg                  |   1|   0|    1|          0|
    |ap_enable_reg_pp0_iter0_reg  |   1|   0|    1|          0|
    |ap_enable_reg_pp0_iter1      |   1|   0|    1|          0|
    |i_1_reg_643                  |   8|   0|    8|          0|
    |i_fu_86                      |   8|   0|    8|          0|
    |tmp_reg_651                  |   1|   0|    1|          0|
    |trunc_ln2_reg_705            |   2|   0|    2|          0|
    +-----------------------------+----+----+-----+-----------+
    |Total                        | 120|   0|  120|          0|
    +-----------------------------+----+----+-----+-----------+



================================================================
== Interface
================================================================
* Summary: 
+----------------------------------+-----+-----+------------+------------------------------+--------------+
|             RTL Ports            | Dir | Bits|  Protocol  |         Source Object        |    C Type    |
+----------------------------------+-----+-----+------------+------------------------------+--------------+
|ap_clk                            |   in|    1|  ap_ctrl_hs|  fir_Pipeline_VITIS_LOOP_69_2|  return value|
|ap_rst                            |   in|    1|  ap_ctrl_hs|  fir_Pipeline_VITIS_LOOP_69_2|  return value|
|ap_start                          |   in|    1|  ap_ctrl_hs|  fir_Pipeline_VITIS_LOOP_69_2|  return value|
|ap_done                           |  out|    1|  ap_ctrl_hs|  fir_Pipeline_VITIS_LOOP_69_2|  return value|
|ap_idle                           |  out|    1|  ap_ctrl_hs|  fir_Pipeline_VITIS_LOOP_69_2|  return value|
|ap_ready                          |  out|    1|  ap_ctrl_hs|  fir_Pipeline_VITIS_LOOP_69_2|  return value|
|ans_out                           |  out|   32|      ap_vld|                       ans_out|       pointer|
|ans_out_ap_vld                    |  out|    1|      ap_vld|                       ans_out|       pointer|
|fir_int_int_shift_reg_address0    |  out|    5|   ap_memory|         fir_int_int_shift_reg|         array|
|fir_int_int_shift_reg_ce0         |  out|    1|   ap_memory|         fir_int_int_shift_reg|         array|
|fir_int_int_shift_reg_q0          |   in|   32|   ap_memory|         fir_int_int_shift_reg|         array|
|fir_int_int_shift_reg_address1    |  out|    5|   ap_memory|         fir_int_int_shift_reg|         array|
|fir_int_int_shift_reg_ce1         |  out|    1|   ap_memory|         fir_int_int_shift_reg|         array|
|fir_int_int_shift_reg_q1          |   in|   32|   ap_memory|         fir_int_int_shift_reg|         array|
|fir_int_int_shift_reg_1_address0  |  out|    5|   ap_memory|       fir_int_int_shift_reg_1|         array|
|fir_int_int_shift_reg_1_ce0       |  out|    1|   ap_memory|       fir_int_int_shift_reg_1|         array|
|fir_int_int_shift_reg_1_q0        |   in|   32|   ap_memory|       fir_int_int_shift_reg_1|         array|
|fir_int_int_shift_reg_1_address1  |  out|    5|   ap_memory|       fir_int_int_shift_reg_1|         array|
|fir_int_int_shift_reg_1_ce1       |  out|    1|   ap_memory|       fir_int_int_shift_reg_1|         array|
|fir_int_int_shift_reg_1_q1        |   in|   32|   ap_memory|       fir_int_int_shift_reg_1|         array|
|fir_int_int_shift_reg_2_address0  |  out|    5|   ap_memory|       fir_int_int_shift_reg_2|         array|
|fir_int_int_shift_reg_2_ce0       |  out|    1|   ap_memory|       fir_int_int_shift_reg_2|         array|
|fir_int_int_shift_reg_2_q0        |   in|   32|   ap_memory|       fir_int_int_shift_reg_2|         array|
|fir_int_int_shift_reg_2_address1  |  out|    5|   ap_memory|       fir_int_int_shift_reg_2|         array|
|fir_int_int_shift_reg_2_ce1       |  out|    1|   ap_memory|       fir_int_int_shift_reg_2|         array|
|fir_int_int_shift_reg_2_q1        |   in|   32|   ap_memory|       fir_int_int_shift_reg_2|         array|
|fir_int_int_shift_reg_3_address0  |  out|    5|   ap_memory|       fir_int_int_shift_reg_3|         array|
|fir_int_int_shift_reg_3_ce0       |  out|    1|   ap_memory|       fir_int_int_shift_reg_3|         array|
|fir_int_int_shift_reg_3_q0        |   in|   32|   ap_memory|       fir_int_int_shift_reg_3|         array|
|fir_int_int_shift_reg_3_address1  |  out|    5|   ap_memory|       fir_int_int_shift_reg_3|         array|
|fir_int_int_shift_reg_3_ce1       |  out|    1|   ap_memory|       fir_int_int_shift_reg_3|         array|
|fir_int_int_shift_reg_3_q1        |   in|   32|   ap_memory|       fir_int_int_shift_reg_3|         array|
+----------------------------------+-----+-----+------------+------------------------------+--------------+

