

================================================================
== Vitis HLS Report for 'fir_Pipeline_VITIS_LOOP_67_2'
================================================================
* Date:           Sun Sep  6 14:21:37 2026

* Version:        2026.1 (Build 6493734 on Jun 16 2026)
* Project:        baseline
* Solution:       hls (Vitis Kernel Flow Target)
* Product family: zynquplus
* Target device:  xck26-sfvc784-2LV-c


================================================================
== Performance Estimates
================================================================
+ Timing: 
    * Summary: 
    +--------+----------+----------+------------+
    |  Clock |  Target  | Estimated| Uncertainty|
    +--------+----------+----------+------------+
    |ap_clk  |  10.00 ns|  6.845 ns|     2.70 ns|
    +--------+----------+----------+------------+

+ Latency: 
    * Summary: 
    +---------+---------+----------+----------+-----+-----+-------------------+
    |  Latency (cycles) |  Latency (absolute) |  Interval |      Pipeline     |
    |   min   |   max   |    min   |    max   | min | max |        Type       |
    +---------+---------+----------+----------+-----+-----+-------------------+
    |       45|       45|  0.450 us|  0.450 us|    0|    0|  loop pipeline stp|
    +---------+---------+----------+----------+-----+-----+-------------------+

    + Detail: 
        * Instance: 
        N/A

        * Loop: 
        +-------------------+---------+---------+----------+-----------+-----------+------+----------+
        |                   |  Latency (cycles) | Iteration|  Initiation Interval  | Trip |          |
        |     Loop Name     |   min   |   max   |  Latency |  achieved |   target  | Count| Pipelined|
        +-------------------+---------+---------+----------+-----------+-----------+------+----------+
        |- VITIS_LOOP_67_2  |       43|       43|        13|          1|        N/A|    32|       yes|
        +-------------------+---------+---------+----------+-----------+-----------+------+----------+



================================================================
== Utilization Estimates
================================================================
* Summary: 
+-----------------+---------+------+--------+--------+-----+
|       Name      | BRAM_18K|  DSP |   FF   |   LUT  | URAM|
+-----------------+---------+------+--------+--------+-----+
|DSP              |        -|     -|       -|       -|    -|
|Expression       |        -|     -|       0|     159|    -|
|FIFO             |        -|     -|       -|       -|    -|
|Instance         |        -|     8|     189|     490|    -|
|Memory           |        2|     -|       0|       0|    -|
|Multiplexer      |        -|     -|       0|     175|    -|
|Register         |        -|     -|     205|      64|    -|
+-----------------+---------+------+--------+--------+-----+
|Total            |        2|     8|     394|     888|    0|
+-----------------+---------+------+--------+--------+-----+
|Available        |      288|  1248|  234240|  117120|   64|
+-----------------+---------+------+--------+--------+-----+
|Utilization (%)  |       ~0|    ~0|      ~0|      ~0|    0|
+-----------------+---------+------+--------+--------+-----+

+ Detail: 
    * Instance: 
    +-----------------------------+-------------------------+---------+----+-----+-----+-----+
    |           Instance          |          Module         | BRAM_18K| DSP|  FF | LUT | URAM|
    +-----------------------------+-------------------------+---------+----+-----+-----+-----+
    |mul_6s_32s_32_1_1_U22        |mul_6s_32s_32_1_1        |        0|   2|    0|   20|    0|
    |mul_6s_32s_32_1_1_U23        |mul_6s_32s_32_1_1        |        0|   2|    0|   20|    0|
    |mul_6s_32s_32_1_1_U24        |mul_6s_32s_32_1_1        |        0|   2|    0|   20|    0|
    |mul_6s_32s_32_1_1_U25        |mul_6s_32s_32_1_1        |        0|   2|    0|   20|    0|
    |mul_7ns_9ns_15_1_1_U27       |mul_7ns_9ns_15_1_1       |        0|   0|    0|   50|    0|
    |mul_7ns_9ns_15_1_1_U28       |mul_7ns_9ns_15_1_1       |        0|   0|    0|   50|    0|
    |mul_7ns_9ns_15_1_1_U29       |mul_7ns_9ns_15_1_1       |        0|   0|    0|   50|    0|
    |mul_7ns_9ns_15_1_1_U30       |mul_7ns_9ns_15_1_1       |        0|   0|    0|   50|    0|
    |sparsemux_11_3_32_1_1_U32    |sparsemux_11_3_32_1_1    |        0|   0|    0|   26|    0|
    |sparsemux_11_3_32_1_1_U33    |sparsemux_11_3_32_1_1    |        0|   0|    0|   26|    0|
    |sparsemux_11_3_32_1_1_U34    |sparsemux_11_3_32_1_1    |        0|   0|    0|   26|    0|
    |sparsemux_11_3_32_1_1_x_U31  |sparsemux_11_3_32_1_1_x  |        0|   0|    0|   26|    0|
    |urem_8ns_4ns_3_12_1_U26      |urem_8ns_4ns_3_12_1      |        0|   0|  189|  106|    0|
    +-----------------------------+-------------------------+---------+----+-----+-----+-----+
    |Total                        |                         |        0|   8|  189|  490|    0|
    +-----------------------------+-------------------------+---------+----+-----+-----+-----+

    * DSP: 
    N/A

    * Memory: 
    +------------------------+---------------------------------------------------------------+---------+---+----+-----+------+-----+------+-------------+
    |         Memory         |                             Module                            | BRAM_18K| FF| LUT| URAM| Words| Bits| Banks| W*Bits*Banks|
    +------------------------+---------------------------------------------------------------+---------+---+----+-----+------+-----+------+-------------+
    |p_const_Z3firPii_h_0_U  |fir_Pipeline_VITIS_LOOP_67_2_p_const_Z3firPii_h_0_ROM_AUTO_1R  |        1|  0|   0|    0|    64|   32|     1|         2048|
    |p_const_Z3firPii_h_1_U  |fir_Pipeline_VITIS_LOOP_67_2_p_const_Z3firPii_h_1_ROM_AUTO_1R  |        1|  0|   0|    0|    64|   32|     1|         2048|
    +------------------------+---------------------------------------------------------------+---------+---+----+-----+------+-----+------+-------------+
    |Total                   |                                                               |        2|  0|   0|    0|   128|   64|     2|         4096|
    +------------------------+---------------------------------------------------------------+---------+---+----+-----+------+-----+------+-------------+

    * FIFO: 
    N/A

    * Expression: 
    +----------------------+----------+----+---+----+------------+------------+
    |     Variable Name    | Operation| DSP| FF| LUT| Bitwidth P0| Bitwidth P1|
    +----------------------+----------+----+---+----+------------+------------+
    |add_ln67_fu_387_p2    |         +|   0|  0|  15|           8|           3|
    |add_ln70_1_fu_704_p2  |         +|   0|  0|  39|          32|          32|
    |add_ln70_2_fu_710_p2  |         +|   0|  0|  32|          32|          32|
    |add_ln70_fu_698_p2    |         +|   0|  0|  39|          32|          32|
    |ans_1_fu_716_p2       |         +|   0|  0|  32|          32|          32|
    |ap_enable_pp0         |       xor|   0|  0|   2|           1|           2|
    +----------------------+----------+----+---+----+------------+------------+
    |Total                 |          |   0|  0| 159|         137|         133|
    +----------------------+----------+----+---+----+------------+------------+

    * Multiplexer: 
    +----------------------------------------+----+-----------+-----+-----------+
    |                  Name                  | LUT| Input Size| Bits| Total Bits|
    +----------------------------------------+----+-----------+-----+-----------+
    |ans_fu_90                               |   9|          2|   32|         64|
    |ap_done_int                             |   9|          2|    1|          2|
    |ap_enable_reg_pp0_iter1                 |   9|          2|    1|          2|
    |ap_sig_allocacmp_i_1                    |   9|          2|    8|         16|
    |fir_int_int_shift_reg_1_address0_local  |  26|          5|    5|         25|
    |fir_int_int_shift_reg_2_address0_local  |  26|          5|    5|         25|
    |fir_int_int_shift_reg_3_address0_local  |  26|          5|    5|         25|
    |fir_int_int_shift_reg_4_address0_local  |  26|          5|    5|         25|
    |fir_int_int_shift_reg_address0_local    |  26|          5|    5|         25|
    |i_fu_94                                 |   9|          2|    8|         16|
    +----------------------------------------+----+-----------+-----+-----------+
    |Total                                   | 175|         35|   75|        225|
    +----------------------------------------+----+-----------+-----+-----------+

    * Register: 
    +-----------------------------------+----+----+-----+-----------+
    |                Name               | FF | LUT| Bits| Const Bits|
    +-----------------------------------+----+----+-----+-----------+
    |ans_fu_90                          |  32|   0|   32|          0|
    |ap_CS_fsm                          |   1|   0|    1|          0|
    |ap_done_reg                        |   1|   0|    1|          0|
    |ap_enable_reg_pp0_iter1            |   1|   0|    1|          0|
    |ap_enable_reg_pp0_iter10           |   1|   0|    1|          0|
    |ap_enable_reg_pp0_iter11           |   1|   0|    1|          0|
    |ap_enable_reg_pp0_iter12           |   1|   0|    1|          0|
    |ap_enable_reg_pp0_iter2            |   1|   0|    1|          0|
    |ap_enable_reg_pp0_iter3            |   1|   0|    1|          0|
    |ap_enable_reg_pp0_iter4            |   1|   0|    1|          0|
    |ap_enable_reg_pp0_iter5            |   1|   0|    1|          0|
    |ap_enable_reg_pp0_iter6            |   1|   0|    1|          0|
    |ap_enable_reg_pp0_iter7            |   1|   0|    1|          0|
    |ap_enable_reg_pp0_iter8            |   1|   0|    1|          0|
    |ap_enable_reg_pp0_iter9            |   1|   0|    1|          0|
    |ap_loop_exit_ready_pp0_iter10_reg  |   1|   0|    1|          0|
    |ap_loop_exit_ready_pp0_iter11_reg  |   1|   0|    1|          0|
    |ap_loop_exit_ready_pp0_iter1_reg   |   1|   0|    1|          0|
    |ap_loop_exit_ready_pp0_iter2_reg   |   1|   0|    1|          0|
    |ap_loop_exit_ready_pp0_iter3_reg   |   1|   0|    1|          0|
    |ap_loop_exit_ready_pp0_iter4_reg   |   1|   0|    1|          0|
    |ap_loop_exit_ready_pp0_iter5_reg   |   1|   0|    1|          0|
    |ap_loop_exit_ready_pp0_iter6_reg   |   1|   0|    1|          0|
    |ap_loop_exit_ready_pp0_iter7_reg   |   1|   0|    1|          0|
    |ap_loop_exit_ready_pp0_iter8_reg   |   1|   0|    1|          0|
    |ap_loop_exit_ready_pp0_iter9_reg   |   1|   0|    1|          0|
    |i_1_reg_746                        |   8|   0|    8|          0|
    |i_fu_94                            |   8|   0|    8|          0|
    |tmp_reg_754                        |   1|   0|    1|          0|
    |trunc_ln34_1_reg_758               |   3|   0|    3|          0|
    |i_1_reg_746                        |  64|  32|    8|          0|
    |tmp_reg_754                        |  64|  32|    1|          0|
    +-----------------------------------+----+----+-----+-----------+
    |Total                              | 205|  64|   86|          0|
    +-----------------------------------+----+----+-----+-----------+



================================================================
== Interface
================================================================
* Summary: 
+----------------------------------+-----+-----+------------+------------------------------+--------------+
|             RTL Ports            | Dir | Bits|  Protocol  |         Source Object        |    C Type    |
+----------------------------------+-----+-----+------------+------------------------------+--------------+
|ap_clk                            |   in|    1|  ap_ctrl_hs|  fir_Pipeline_VITIS_LOOP_67_2|  return value|
|ap_rst                            |   in|    1|  ap_ctrl_hs|  fir_Pipeline_VITIS_LOOP_67_2|  return value|
|ap_start                          |   in|    1|  ap_ctrl_hs|  fir_Pipeline_VITIS_LOOP_67_2|  return value|
|ap_done                           |  out|    1|  ap_ctrl_hs|  fir_Pipeline_VITIS_LOOP_67_2|  return value|
|ap_idle                           |  out|    1|  ap_ctrl_hs|  fir_Pipeline_VITIS_LOOP_67_2|  return value|
|ap_ready                          |  out|    1|  ap_ctrl_hs|  fir_Pipeline_VITIS_LOOP_67_2|  return value|
|ans_out                           |  out|   32|      ap_vld|                       ans_out|       pointer|
|ans_out_ap_vld                    |  out|    1|      ap_vld|                       ans_out|       pointer|
|fir_int_int_shift_reg_address0    |  out|    5|   ap_memory|         fir_int_int_shift_reg|         array|
|fir_int_int_shift_reg_ce0         |  out|    1|   ap_memory|         fir_int_int_shift_reg|         array|
|fir_int_int_shift_reg_q0          |   in|   32|   ap_memory|         fir_int_int_shift_reg|         array|
|fir_int_int_shift_reg_1_address0  |  out|    5|   ap_memory|       fir_int_int_shift_reg_1|         array|
|fir_int_int_shift_reg_1_ce0       |  out|    1|   ap_memory|       fir_int_int_shift_reg_1|         array|
|fir_int_int_shift_reg_1_q0        |   in|   32|   ap_memory|       fir_int_int_shift_reg_1|         array|
|fir_int_int_shift_reg_2_address0  |  out|    5|   ap_memory|       fir_int_int_shift_reg_2|         array|
|fir_int_int_shift_reg_2_ce0       |  out|    1|   ap_memory|       fir_int_int_shift_reg_2|         array|
|fir_int_int_shift_reg_2_q0        |   in|   32|   ap_memory|       fir_int_int_shift_reg_2|         array|
|fir_int_int_shift_reg_3_address0  |  out|    5|   ap_memory|       fir_int_int_shift_reg_3|         array|
|fir_int_int_shift_reg_3_ce0       |  out|    1|   ap_memory|       fir_int_int_shift_reg_3|         array|
|fir_int_int_shift_reg_3_q0        |   in|   32|   ap_memory|       fir_int_int_shift_reg_3|         array|
|fir_int_int_shift_reg_4_address0  |  out|    5|   ap_memory|       fir_int_int_shift_reg_4|         array|
|fir_int_int_shift_reg_4_ce0       |  out|    1|   ap_memory|       fir_int_int_shift_reg_4|         array|
|fir_int_int_shift_reg_4_q0        |   in|   32|   ap_memory|       fir_int_int_shift_reg_4|         array|
+----------------------------------+-----+-----+------------+------------------------------+--------------+

