

================================================================
== Vitis HLS Report for 'fir'
================================================================
* Date:           Sun Sep  6 11:54:36 2026

* Version:        2026.1 (Build 6493734 on Jun 16 2026)
* Project:        baseline
* Solution:       hls (Vitis Kernel Flow Target)
* Product family: zynquplus
* Target device:  xck26-sfvc784-2LV-c


================================================================
== Performance Estimates
================================================================
+ Timing: 
    * Summary: 
    +--------+----------+----------+------------+
    |  Clock |  Target  | Estimated| Uncertainty|
    +--------+----------+----------+------------+
    |ap_clk  |  10.00 ns|  6.100 ns|     2.70 ns|
    +--------+----------+----------+------------+

+ Latency: 
    * Summary: 
    +---------+---------+----------+----------+-----+-----+---------+
    |  Latency (cycles) |  Latency (absolute) |  Interval | Pipeline|
    |   min   |   max   |    min   |    max   | min | max |   Type  |
    +---------+---------+----------+----------+-----+-----+---------+
    |      519|      519|  5.190 us|  5.190 us|  520|  520|       no|
    +---------+---------+----------+----------+-----+-----+---------+

    + Detail: 
        * Instance: 
        +----------------------------------------+------------------------------+---------+---------+----------+----------+-----+-----+-------------------+
        |                                        |                              |  Latency (cycles) |  Latency (absolute) |  Interval |      Pipeline     |
        |                Instance                |            Module            |   min   |   max   |    min   |    max   | min | max |        Type       |
        +----------------------------------------+------------------------------+---------+---------+----------+----------+-----+-----+-------------------+
        |grp_fir_Pipeline_VITIS_LOOP_35_1_fu_70  |fir_Pipeline_VITIS_LOOP_35_1  |      256|      256|  2.560 us|  2.560 us|    0|    0|  loop pipeline stp|
        |grp_fir_Pipeline_VITIS_LOOP_41_2_fu_76  |fir_Pipeline_VITIS_LOOP_41_2  |      258|      258|  2.580 us|  2.580 us|    0|    0|  loop pipeline stp|
        +----------------------------------------+------------------------------+---------+---------+----------+----------+-----+-----+-------------------+

        * Loop: 
        N/A



================================================================
== Utilization Estimates
================================================================
* Summary: 
+-----------------+---------+------+--------+--------+-----+
|       Name      | BRAM_18K|  DSP |   FF   |   LUT  | URAM|
+-----------------+---------+------+--------+--------+-----+
|DSP              |        -|     -|       -|       -|    -|
|Expression       |        -|     -|       0|       4|    -|
|FIFO             |        -|     -|       -|       -|    -|
|Instance         |        1|     2|     174|     391|    0|
|Memory           |        1|     -|       0|       0|    0|
|Multiplexer      |        -|     -|       0|     101|    -|
|Register         |        -|     -|      44|       -|    -|
+-----------------+---------+------+--------+--------+-----+
|Total            |        2|     2|     218|     496|    0|
+-----------------+---------+------+--------+--------+-----+
|Available        |      288|  1248|  234240|  117120|   64|
+-----------------+---------+------+--------+--------+-----+
|Utilization (%)  |       ~0|    ~0|      ~0|      ~0|    0|
+-----------------+---------+------+--------+--------+-----+

+ Detail: 
    * Instance: 
    +----------------------------------------+------------------------------+---------+----+-----+-----+-----+
    |                Instance                |            Module            | BRAM_18K| DSP|  FF | LUT | URAM|
    +----------------------------------------+------------------------------+---------+----+-----+-----+-----+
    |control_s_axi_U                         |control_s_axi                 |        0|   0|  112|  168|    0|
    |grp_fir_Pipeline_VITIS_LOOP_35_1_fu_70  |fir_Pipeline_VITIS_LOOP_35_1  |        0|   0|   18|   83|    0|
    |grp_fir_Pipeline_VITIS_LOOP_41_2_fu_76  |fir_Pipeline_VITIS_LOOP_41_2  |        1|   2|   44|  140|    0|
    +----------------------------------------+------------------------------+---------+----+-----+-----+-----+
    |Total                                   |                              |        1|   2|  174|  391|    0|
    +----------------------------------------+------------------------------+---------+----+-----+-----+-----+

    * DSP: 
    N/A

    * Memory: 
    +-------------+-------------------------+---------+---+----+-----+------+-----+------+-------------+
    |    Memory   |          Module         | BRAM_18K| FF| LUT| URAM| Words| Bits| Banks| W*Bits*Banks|
    +-------------+-------------------------+---------+---+----+-----+------+-----+------+-------------+
    |shift_reg_U  |shift_reg_RAM_AUTO_1R1W  |        1|  0|   0|    0|   128|   32|     1|         4096|
    +-------------+-------------------------+---------+---+----+-----+------+-----+------+-------------+
    |Total        |                         |        1|  0|   0|    0|   128|   32|     1|         4096|
    +-------------+-------------------------+---------+---+----+-----+------+-----+------+-------------+

    * FIFO: 
    N/A

    * Expression: 
    +-----------------+----------+----+---+----+------------+------------+
    |  Variable Name  | Operation| DSP| FF| LUT| Bitwidth P0| Bitwidth P1|
    +-----------------+----------+----+---+----+------------+------------+
    |ap_block_state1  |        or|   0|  0|   2|           1|           1|
    |shift_reg_we0    |        or|   0|  0|   2|           1|           1|
    +-----------------+----------+----+---+----+------------+------------+
    |Total            |          |   0|  0|   4|           2|           2|
    +-----------------+----------+----+---+----+------------+------------+

    * Multiplexer: 
    +--------------------+----+-----------+-----+-----------+
    |        Name        | LUT| Input Size| Bits| Total Bits|
    +--------------------+----+-----------+-----+-----------+
    |ap_NS_fsm           |  37|          7|    1|          7|
    |ap_done             |   9|          2|    1|          2|
    |shift_reg_address0  |  14|          3|    7|         21|
    |shift_reg_ce0       |  14|          3|    1|          3|
    |shift_reg_d0        |   9|          2|   32|         64|
    |shift_reg_we0       |   9|          2|    1|          2|
    |y                   |   9|          2|   32|         64|
    +--------------------+----+-----------+-----+-----------+
    |Total               | 101|         21|   75|        163|
    +--------------------+----+-----------+-----+-----------+

    * Register: 
    +-----------------------------------------------------+----+----+-----+-----------+
    |                         Name                        | FF | LUT| Bits| Const Bits|
    +-----------------------------------------------------+----+----+-----+-----------+
    |ap_CS_fsm                                            |   6|   0|    6|          0|
    |ap_done_reg                                          |   1|   0|    1|          0|
    |ap_rst_n_inv                                         |   1|   0|    1|          0|
    |ap_rst_reg_1                                         |   1|   0|    1|          0|
    |ap_rst_reg_2                                         |   1|   0|    1|          0|
    |grp_fir_Pipeline_VITIS_LOOP_35_1_fu_70_ap_start_reg  |   1|   0|    1|          0|
    |grp_fir_Pipeline_VITIS_LOOP_41_2_fu_76_ap_start_reg  |   1|   0|    1|          0|
    |y_preg                                               |  32|   0|   32|          0|
    +-----------------------------------------------------+----+----+-----+-----------+
    |Total                                                |  44|   0|   44|          0|
    +-----------------------------------------------------+----+----+-----+-----------+



================================================================
== Interface
================================================================
* Summary: 
+-----------------------+-----+-----+---------------+--------------+--------------+
|       RTL Ports       | Dir | Bits|    Protocol   | Source Object|    C Type    |
+-----------------------+-----+-----+---------------+--------------+--------------+
|s_axi_control_AWVALID  |   in|    1|          s_axi|       control|        scalar|
|s_axi_control_AWREADY  |  out|    1|          s_axi|       control|        scalar|
|s_axi_control_AWADDR   |   in|    6|          s_axi|       control|        scalar|
|s_axi_control_WVALID   |   in|    1|          s_axi|       control|        scalar|
|s_axi_control_WREADY   |  out|    1|          s_axi|       control|        scalar|
|s_axi_control_WDATA    |   in|   32|          s_axi|       control|        scalar|
|s_axi_control_WSTRB    |   in|    4|          s_axi|       control|        scalar|
|s_axi_control_ARVALID  |   in|    1|          s_axi|       control|        scalar|
|s_axi_control_ARREADY  |  out|    1|          s_axi|       control|        scalar|
|s_axi_control_ARADDR   |   in|    6|          s_axi|       control|        scalar|
|s_axi_control_RVALID   |  out|    1|          s_axi|       control|        scalar|
|s_axi_control_RREADY   |   in|    1|          s_axi|       control|        scalar|
|s_axi_control_RDATA    |  out|   32|          s_axi|       control|        scalar|
|s_axi_control_RRESP    |  out|    2|          s_axi|       control|        scalar|
|s_axi_control_BVALID   |  out|    1|          s_axi|       control|        scalar|
|s_axi_control_BREADY   |   in|    1|          s_axi|       control|        scalar|
|s_axi_control_BRESP    |  out|    2|          s_axi|       control|        scalar|
|ap_clk                 |   in|    1|  ap_ctrl_chain|           fir|  return value|
|ap_rst_n               |   in|    1|  ap_ctrl_chain|           fir|  return value|
|interrupt              |  out|    1|  ap_ctrl_chain|           fir|  return value|
+-----------------------+-----+-----+---------------+--------------+--------------+

